main.c:146:13:System_Power_Hold	16	static
main.c:160:13:flash_led	16	static
main.c:180:6:HAL_CAN_TxMailbox0CompleteCallback	16	static
main.c:185:6:HAL_CAN_TxMailbox1CompleteCallback	16	static
main.c:190:6:HAL_CAN_TxMailbox2CompleteCallback	16	static
main.c:195:19:can_filter	64	static
main.c:234:6:process_can_packet	56	static
main.c:247:6:HAL_CAN_RxFifo0MsgPendingCallback	16	static
main.c:252:6:HAL_CAN_RxFifo1MsgPendingCallback	16	static
main.c:257:13:LCD_Brightness	16	static
main.c:298:13:USB_Power	16	static
main.c:306:13:Pi_Power	16	static
main.c:328:13:Get_SD_Card_State	8	static
main.c:341:13:Fan_Control	16	static
main.c:386:16:Rasp_Pi_Tx	16	static
main.c:395:13:Add_CAN_Filter	24	static
main.c:404:16:ECU_CAN_Tx	56	static
main.c:436:6:Digitaldash_Init	40	static
main.c:461:9:get_mcu_internal_temp	16	static
main.c:482:6:HAL_TIM_PeriodElapsedCallback	16	static
main.c:498:5:main	8	static
main.c:602:6:SystemClock_Config	88	static
main.c:643:6:HAL_UART_RxCpltCallback	16	static
main.c:655:10:HAL_GetTick	4	static
main.c:660:6:HAL_IncTick	8	static
main.c:689:6:Error_Handler	8	static
