Archive member included to satisfy reference by file (symbol)

c:/st/stm32cubeide_1.4.0/stm32cubeide/plugins/com.st.stm32cube.ide.mcu.externaltools.gnu-tools-for-stm32.7-2018-q2-update.win32_1.4.0.202007081208/tools/bin/../lib/gcc/arm-none-eabi/7.3.1/../../../../arm-none-eabi/lib/thumb/v7e-m/fpv4-sp/hard\libc_nano.a(lib_a-errno.o)
                              Core/Src/syscalls.o (__errno)
c:/st/stm32cubeide_1.4.0/stm32cubeide/plugins/com.st.stm32cube.ide.mcu.externaltools.gnu-tools-for-stm32.7-2018-q2-update.win32_1.4.0.202007081208/tools/bin/../lib/gcc/arm-none-eabi/7.3.1/../../../../arm-none-eabi/lib/thumb/v7e-m/fpv4-sp/hard\libc_nano.a(lib_a-exit.o)
                              c:/st/stm32cubeide_1.4.0/stm32cubeide/plugins/com.st.stm32cube.ide.mcu.externaltools.gnu-tools-for-stm32.7-2018-q2-update.win32_1.4.0.202007081208/tools/bin/../lib/gcc/arm-none-eabi/7.3.1/../../../../arm-none-eabi/lib/thumb/v7e-m/fpv4-sp/hard/crt0.o (exit)
c:/st/stm32cubeide_1.4.0/stm32cubeide/plugins/com.st.stm32cube.ide.mcu.externaltools.gnu-tools-for-stm32.7-2018-q2-update.win32_1.4.0.202007081208/tools/bin/../lib/gcc/arm-none-eabi/7.3.1/../../../../arm-none-eabi/lib/thumb/v7e-m/fpv4-sp/hard\libc_nano.a(lib_a-impure.o)
                              c:/st/stm32cubeide_1.4.0/stm32cubeide/plugins/com.st.stm32cube.ide.mcu.externaltools.gnu-tools-for-stm32.7-2018-q2-update.win32_1.4.0.202007081208/tools/bin/../lib/gcc/arm-none-eabi/7.3.1/../../../../arm-none-eabi/lib/thumb/v7e-m/fpv4-sp/hard\libc_nano.a(lib_a-exit.o) (_global_impure_ptr)
c:/st/stm32cubeide_1.4.0/stm32cubeide/plugins/com.st.stm32cube.ide.mcu.externaltools.gnu-tools-for-stm32.7-2018-q2-update.win32_1.4.0.202007081208/tools/bin/../lib/gcc/arm-none-eabi/7.3.1/../../../../arm-none-eabi/lib/thumb/v7e-m/fpv4-sp/hard\libc_nano.a(lib_a-init.o)
                              c:/st/stm32cubeide_1.4.0/stm32cubeide/plugins/com.st.stm32cube.ide.mcu.externaltools.gnu-tools-for-stm32.7-2018-q2-update.win32_1.4.0.202007081208/tools/bin/../lib/gcc/arm-none-eabi/7.3.1/../../../../arm-none-eabi/lib/thumb/v7e-m/fpv4-sp/hard/crt0.o (__libc_init_array)
c:/st/stm32cubeide_1.4.0/stm32cubeide/plugins/com.st.stm32cube.ide.mcu.externaltools.gnu-tools-for-stm32.7-2018-q2-update.win32_1.4.0.202007081208/tools/bin/../lib/gcc/arm-none-eabi/7.3.1/../../../../arm-none-eabi/lib/thumb/v7e-m/fpv4-sp/hard\libc_nano.a(lib_a-memset.o)
                              c:/st/stm32cubeide_1.4.0/stm32cubeide/plugins/com.st.stm32cube.ide.mcu.externaltools.gnu-tools-for-stm32.7-2018-q2-update.win32_1.4.0.202007081208/tools/bin/../lib/gcc/arm-none-eabi/7.3.1/../../../../arm-none-eabi/lib/thumb/v7e-m/fpv4-sp/hard/crt0.o (memset)
c:/st/stm32cubeide_1.4.0/stm32cubeide/plugins/com.st.stm32cube.ide.mcu.externaltools.gnu-tools-for-stm32.7-2018-q2-update.win32_1.4.0.202007081208/tools/bin/../lib/gcc/arm-none-eabi/7.3.1/../../../../arm-none-eabi/lib/thumb/v7e-m/fpv4-sp/hard\libc_nano.a(lib_a-nano-vfprintf_float.o)
                              (_printf_float)
c:/st/stm32cubeide_1.4.0/stm32cubeide/plugins/com.st.stm32cube.ide.mcu.externaltools.gnu-tools-for-stm32.7-2018-q2-update.win32_1.4.0.202007081208/tools/bin/../lib/gcc/arm-none-eabi/7.3.1/../../../../arm-none-eabi/lib/thumb/v7e-m/fpv4-sp/hard\libc_nano.a(lib_a-nano-vfprintf_i.o)
                              c:/st/stm32cubeide_1.4.0/stm32cubeide/plugins/com.st.stm32cube.ide.mcu.externaltools.gnu-tools-for-stm32.7-2018-q2-update.win32_1.4.0.202007081208/tools/bin/../lib/gcc/arm-none-eabi/7.3.1/../../../../arm-none-eabi/lib/thumb/v7e-m/fpv4-sp/hard\libc_nano.a(lib_a-nano-vfprintf_float.o) (_printf_common)
c:/st/stm32cubeide_1.4.0/stm32cubeide/plugins/com.st.stm32cube.ide.mcu.externaltools.gnu-tools-for-stm32.7-2018-q2-update.win32_1.4.0.202007081208/tools/bin/../lib/gcc/arm-none-eabi/7.3.1/../../../../arm-none-eabi/lib/thumb/v7e-m/fpv4-sp/hard\libc_nano.a(lib_a-snprintf.o)
                              lib/lib_ke_protocol/src/lib_ke_protocol.o (snprintf)
c:/st/stm32cubeide_1.4.0/stm32cubeide/plugins/com.st.stm32cube.ide.mcu.externaltools.gnu-tools-for-stm32.7-2018-q2-update.win32_1.4.0.202007081208/tools/bin/../lib/gcc/arm-none-eabi/7.3.1/../../../../arm-none-eabi/lib/thumb/v7e-m/fpv4-sp/hard\libc_nano.a(lib_a-strlen.o)
                              c:/st/stm32cubeide_1.4.0/stm32cubeide/plugins/com.st.stm32cube.ide.mcu.externaltools.gnu-tools-for-stm32.7-2018-q2-update.win32_1.4.0.202007081208/tools/bin/../lib/gcc/arm-none-eabi/7.3.1/../../../../arm-none-eabi/lib/thumb/v7e-m/fpv4-sp/hard\libc_nano.a(lib_a-nano-vfprintf_float.o) (strlen)
c:/st/stm32cubeide_1.4.0/stm32cubeide/plugins/com.st.stm32cube.ide.mcu.externaltools.gnu-tools-for-stm32.7-2018-q2-update.win32_1.4.0.202007081208/tools/bin/../lib/gcc/arm-none-eabi/7.3.1/../../../../arm-none-eabi/lib/thumb/v7e-m/fpv4-sp/hard\libc_nano.a(lib_a-dtoa.o)
[...]
Memory Configuration

Name             Origin             Length             Attributes
RAM              0x0000000020000000 0x0000000000020000 xrw
FLASH            0x0000000008000000 0x0000000000080000 xr
*default*        0x0000000000000000 0xffffffffffffffff

Linker script and memory map

LOAD c:/st/stm32cubeide_1.4.0/stm32cubeide/plugins/com.st.stm32cube.ide.mcu.externaltools.gnu-tools-for-stm32.7-2018-q2-update.win32_1.4.0.202007081208/tools/bin/../lib/gcc/arm-none-eabi/7.3.1/thumb/v7e-m/fpv4-sp/hard/crti.o
LOAD c:/st/stm32cubeide_1.4.0/stm32cubeide/plugins/com.st.stm32cube.ide.mcu.externaltools.gnu-tools-for-stm32.7-2018-q2-update.win32_1.4.0.202007081208/tools/bin/../lib/gcc/arm-none-eabi/7.3.1/thumb/v7e-m/fpv4-sp/hard/crtbegin.o
LOAD c:/st/stm32cubeide_1.4.0/stm32cubeide/plugins/com.st.stm32cube.ide.mcu.externaltools.gnu-tools-for-stm32.7-2018-q2-update.win32_1.4.0.202007081208/tools/bin/../lib/gcc/arm-none-eabi/7.3.1/../../../../arm-none-eabi/lib/thumb/v7e-m/fpv4-sp/hard/crt0.o
LOAD Core/Src/adc.o
LOAD Core/Src/can.o
LOAD Core/Src/gpio.o
LOAD Core/Src/main.o
LOAD Core/Src/stm32f4xx_hal_msp.o
LOAD Core/Src/stm32f4xx_it.o
LOAD Core/Src/syscalls.o
LOAD Core/Src/sysmem.o
LOAD Core/Src/system_stm32f4xx.o
LOAD Core/Src/tim.o
LOAD Core/Src/usart.o
LOAD Core/Startup/startup_stm32f446retx.o
LOAD Drivers/STM32F4xx_HAL_Driver/Src/stm32f4xx_hal.o
LOAD Drivers/STM32F4xx_HAL_Driver/Src/stm32f4xx_hal_adc.o
LOAD Drivers/STM32F4xx_HAL_Driver/Src/stm32f4xx_hal_adc_ex.o
LOAD Drivers/STM32F4xx_HAL_Driver/Src/stm32f4xx_hal_can.o
LOAD Drivers/STM32F4xx_HAL_Driver/Src/stm32f4xx_hal_cortex.o
LOAD Drivers/STM32F4xx_HAL_Driver/Src/stm32f4xx_hal_dma.o
LOAD Drivers/STM32F4xx_HAL_Driver/Src/stm32f4xx_hal_dma_ex.o
LOAD Drivers/STM32F4xx_HAL_Driver/Src/stm32f4xx_hal_exti.o
LOAD Drivers/STM32F4xx_HAL_Driver/Src/stm32f4xx_hal_flash.o
LOAD Drivers/STM32F4xx_HAL_Driver/Src/stm32f4xx_hal_flash_ex.o
LOAD Drivers/STM32F4xx_HAL_Driver/Src/stm32f4xx_hal_flash_ramfunc.o
LOAD Drivers/STM32F4xx_HAL_Driver/Src/stm32f4xx_hal_gpio.o
LOAD Drivers/STM32F4xx_HAL_Driver/Src/stm32f4xx_hal_pwr.o
LOAD Drivers/STM32F4xx_HAL_Driver/Src/stm32f4xx_hal_pwr_ex.o
LOAD Drivers/STM32F4xx_HAL_Driver/Src/stm32f4xx_hal_rcc.o
LOAD Drivers/STM32F4xx_HAL_Driver/Src/stm32f4xx_hal_rcc_ex.o
LOAD Drivers/STM32F4xx_HAL_Driver/Src/stm32f4xx_hal_tim.o
LOAD Drivers/STM32F4xx_HAL_Driver/Src/stm32f4xx_hal_tim_ex.o
LOAD Drivers/STM32F4xx_HAL_Driver/Src/stm32f4xx_hal_uart.o
LOAD lib/lib_can_bus_sniffer/src/lib_can_bus_sniffer.o
LOAD lib/lib_digital_dash/src/lib_digital_dash.o
LOAD lib/lib_ke_protocol/src/lib_ke_protocol.o
LOAD lib/lib_obdii/src/lib_obdii.o
LOAD lib/lib_pid/src/lib_pid.o
LOAD lib/lib_unit_conversion/src/lib_unit_conversion.o
START GROUP
LOAD c:/st/stm32cubeide_1.4.0/stm32cubeide/plugins/com.st.stm32cube.ide.mcu.externaltools.gnu-tools-for-stm32.7-2018-q2-update.win32_1.4.0.202007081208/tools/bin/../lib/gcc/arm-none-eabi/7.3.1/../../../../arm-none-eabi/lib/thumb/v7e-m/fpv4-sp/hard\libc_nano.a
LOAD c:/st/stm32cubeide_1.4.0/stm32cubeide/plugins/com.st.stm32cube.ide.mcu.externaltools.gnu-tools-for-stm32.7-2018-q2-update.win32_1.4.0.202007081208/tools/bin/../lib/gcc/arm-none-eabi/7.3.1/../../../../arm-none-eabi/lib/thumb/v7e-m/fpv4-sp/hard\libm.a
END GROUP
START GROUP
LOAD c:/st/stm32cubeide_1.4.0/stm32cubeide/plugins/com.st.stm32cube.ide.mcu.externaltools.gnu-tools-for-stm32.7-2018-q2-update.win32_1.4.0.202007081208/tools/bin/../lib/gcc/arm-none-eabi/7.3.1/thumb/v7e-m/fpv4-sp/hard\libgcc.a
LOAD c:/st/stm32cubeide_1.4.0/stm32cubeide/plugins/com.st.stm32cube.ide.mcu.externaltools.gnu-tools-for-stm32.7-2018-q2-update.win32_1.4.0.202007081208/tools/bin/../lib/gcc/arm-none-eabi/7.3.1/../../../../arm-none-eabi/lib/thumb/v7e-m/fpv4-sp/hard\libc_nano.a
END GROUP
START GROUP
LOAD c:/st/stm32cubeide_1.4.0/stm32cubeide/plugins/com.st.stm32cube.ide.mcu.externaltools.gnu-tools-for-stm32.7-2018-q2-update.win32_1.4.0.202007081208/tools/bin/../lib/gcc/arm-none-eabi/7.3.1/thumb/v7e-m/fpv4-sp/hard\libgcc.a
LOAD c:/st/stm32cubeide_1.4.0/stm32cubeide/plugins/com.st.stm32cube.ide.mcu.externaltools.gnu-tools-for-stm32.7-2018-q2-update.win32_1.4.0.202007081208/tools/bin/../lib/gcc/arm-none-eabi/7.3.1/../../../../arm-none-eabi/lib/thumb/v7e-m/fpv4-sp/hard\libc_nano.a
LOAD c:/st/stm32cubeide_1.4.0/stm32cubeide/plugins/com.st.stm32cube.ide.mcu.externaltools.gnu-tools-for-stm32.7-2018-q2-update.win32_1.4.0.202007081208/tools/bin/../lib/gcc/arm-none-eabi/7.3.1/../../../../arm-none-eabi/lib/thumb/v7e-m/fpv4-sp/hard\libnosys.a
END GROUP
START GROUP
LOAD c:/st/stm32cubeide_1.4.0/stm32cubeide/plugins/com.st.stm32cube.ide.mcu.externaltools.gnu-tools-for-stm32.7-2018-q2-update.win32_1.4.0.202007081208/tools/bin/../lib/gcc/arm-none-eabi/7.3.1/thumb/v7e-m/fpv4-sp/hard\libgcc.a
LOAD c:/st/stm32cubeide_1.4.0/stm32cubeide/plugins/com.st.stm32cube.ide.mcu.externaltools.gnu-tools-for-stm32.7-2018-q2-update.win32_1.4.0.202007081208/tools/bin/../lib/gcc/arm-none-eabi/7.3.1/../../../../arm-none-eabi/lib/thumb/v7e-m/fpv4-sp/hard\libc_nano.a
LOAD c:/st/stm32cubeide_1.4.0/stm32cubeide/plugins/com.st.stm32cube.ide.mcu.externaltools.gnu-tools-for-stm32.7-2018-q2-update.win32_1.4.0.202007081208/tools/bin/../lib/gcc/arm-none-eabi/7.3.1/../../../../arm-none-eabi/lib/thumb/v7e-m/fpv4-sp/hard\libnosys.a
END GROUP
LOAD c:/st/stm32cubeide_1.4.0/stm32cubeide/plugins/com.st.stm32cube.ide.mcu.externaltools.gnu-tools-for-stm32.7-2018-q2-update.win32_1.4.0.202007081208/tools/bin/../lib/gcc/arm-none-eabi/7.3.1/thumb/v7e-m/fpv4-sp/hard/crtend.o
LOAD c:/st/stm32cubeide_1.4.0/stm32cubeide/plugins/com.st.stm32cube.ide.mcu.externaltools.gnu-tools-for-stm32.7-2018-q2-update.win32_1.4.0.202007081208/tools/bin/../lib/gcc/arm-none-eabi/7.3.1/thumb/v7e-m/fpv4-sp/hard/crtn.o
                0x0000000020020000                _estack = (ORIGIN (RAM) + LENGTH (RAM))
                0x0000000000000200                _Min_Heap_Size = 0x200
                0x0000000000000400                _Min_Stack_Size = 0x400

.isr_vector     0x0000000008000000      0x1c4
                0x0000000008000000                . = ALIGN (0x4)
 *(.isr_vector)
 .isr_vector    0x0000000008000000      0x1c4 Core/Startup/startup_stm32f446retx.o
                0x0000000008000000                g_pfnVectors
                0x00000000080001c4                . = ALIGN (0x4)

.text           0x00000000080001d0     0xb480
                0x00000000080001d0                . = ALIGN (0x4)
 *(.text)
 .text          0x00000000080001d0       0x40 c:/st/stm32cubeide_1.4.0/stm32cubeide/plugins/com.st.stm32cube.ide.mcu.externaltools.gnu-tools-for-stm32.7-2018-q2-update.win32_1.4.0.202007081208/tools/bin/../lib/gcc/arm-none-eabi/7.3.1/thumb/v7e-m/fpv4-sp/hard/crtbegin.o
 .text          0x0000000008000210       0x10 c:/st/stm32cubeide_1.4.0/stm32cubeide/plugins/com.st.stm32cube.ide.mcu.externaltools.gnu-tools-for-stm32.7-2018-q2-update.win32_1.4.0.202007081208/tools/bin/../lib/gcc/arm-none-eabi/7.3.1/../../../../arm-none-eabi/lib/thumb/v7e-m/fpv4-sp/hard\libc_nano.a(lib_a-strlen.o)
                0x0000000008000210                strlen
 .text          0x0000000008000220       0xa0 c:/st/stm32cubeide_1.4.0/stm32cubeide/plugins/com.st.stm32cube.ide.mcu.externaltools.gnu-tools-for-stm32.7-2018-q2-update.win32_1.4.0.202007081208/tools/bin/../lib/gcc/arm-none-eabi/7.3.1/../../../../arm-none-eabi/lib/thumb/v7e-m/fpv4-sp/hard\libc_nano.a(lib_a-memchr.o)
                0x0000000008000220                memchr
 .text          0x00000000080002c0      0x378 c:/st/stm32cubeide_1.4.0/stm32cubeide/plugins/com.st.stm32cube.ide.mcu.externaltools.gnu-tools-for-stm32.7-2018-q2-update.win32_1.4.0.202007081208/tools/bin/../lib/gcc/arm-none-eabi/7.3.1/thumb/v7e-m/fpv4-sp/hard\libgcc.a(_arm_addsubdf3.o)
                0x00000000080002c0                __aeabi_drsub
                0x00000000080002c8                __aeabi_dsub
                0x00000000080002c8                __subdf3
                0x00000000080002cc                __aeabi_dadd
                0x00000000080002cc                __adddf3
                0x0000000008000544                __floatunsidf
                0x0000000008000544                __aeabi_ui2d
                0x0000000008000564                __floatsidf
                0x0000000008000564                __aeabi_i2d
                0x0000000008000588                __aeabi_f2d
                0x0000000008000588                __extendsfdf2
                0x00000000080005cc                __floatundidf
                0x00000000080005cc                __aeabi_ul2d
                0x00000000080005dc                __floatdidf
                0x00000000080005dc                __aeabi_l2d
 .text          0x0000000008000638      0x424 c:/st/stm32cubeide_1.4.0/stm32cubeide/plugins/com.st.stm32cube.ide.mcu.externaltools.gnu-tools-for-stm32.7-2018-q2-update.win32_1.4.0.202007081208/tools/bin/../lib/gcc/arm-none-eabi/7.3.1/thumb/v7e-m/fpv4-sp/hard\libgcc.a(_arm_muldivdf3.o)
                0x0000000008000638                __aeabi_dmul
                0x0000000008000638                __muldf3
                0x000000000800088c                __divdf3
                0x000000000800088c                __aeabi_ddiv
 .text          0x0000000008000a5c      0x110 c:/st/stm32cubeide_1.4.0/stm32cubeide/plugins/com.st.stm32cube.ide.mcu.externaltools.gnu-tools-for-stm32.7-2018-q2-update.win32_1.4.0.202007081208/tools/bin/../lib/gcc/arm-none-eabi/7.3.1/thumb/v7e-m/fpv4-sp/hard\libgcc.a(_arm_cmpdf2.o)
                0x0000000008000a5c                __gtdf2
                0x0000000008000a5c                __gedf2
                0x0000000008000a64                __ltdf2
                0x0000000008000a64                __ledf2
                0x0000000008000a6c                __nedf2
                0x0000000008000a6c                __eqdf2
                0x0000000008000a6c                __cmpdf2
                0x0000000008000ae8                __aeabi_cdrcmple
                0x0000000008000af8                __aeabi_cdcmpeq
                0x0000000008000af8                __aeabi_cdcmple
                0x0000000008000b08                __aeabi_dcmpeq
                0x0000000008000b1c                __aeabi_dcmplt
                0x0000000008000b30                __aeabi_dcmple
                0x0000000008000b44                __aeabi_dcmpge
                0x0000000008000b58                __aeabi_dcmpgt
 .text          0x0000000008000b6c       0x2c c:/st/stm32cubeide_1.4.0/stm32cubeide/plugins/com.st.stm32cube.ide.mcu.externaltools.gnu-tools-for-stm32.7-2018-q2-update.win32_1.4.0.202007081208/tools/bin/../lib/gcc/arm-none-eabi/7.3.1/thumb/v7e-m/fpv4-sp/hard\libgcc.a(_arm_unorddf2.o)
                0x0000000008000b6c                __unorddf2
                0x0000000008000b6c                __aeabi_dcmpun
 .text          0x0000000008000b98       0x50 c:/st/stm32cubeide_1.4.0/stm32cubeide/plugins/com.st.stm32cube.ide.mcu.externaltools.gnu-tools-for-stm32.7-2018-q2-update.win32_1.4.0.202007081208/tools/bin/../lib/gcc/arm-none-eabi/7.3.1/thumb/v7e-m/fpv4-sp/hard\libgcc.a(_arm_fixdfsi.o)
                0x0000000008000b98                __aeabi_d2iz
                0x0000000008000b98                __fixdfsi
 .text          0x0000000008000be8       0xa0 c:/st/stm32cubeide_1.4.0/stm32cubeide/plugins/com.st.stm32cube.ide.mcu.externaltools.gnu-tools-for-stm32.7-2018-q2-update.win32_1.4.0.202007081208/tools/bin/../lib/gcc/arm-none-eabi/7.3.1/thumb/v7e-m/fpv4-sp/hard\libgcc.a(_arm_truncdfsf2.o)
                0x0000000008000be8                __truncdfsf2
                0x0000000008000be8                __aeabi_d2f
 .text          0x0000000008000c88       0x30 c:/st/stm32cubeide_1.4.0/stm32cubeide/plugins/com.st.stm32cube.ide.mcu.externaltools.gnu-tools-for-stm32.7-2018-q2-update.win32_1.4.0.202007081208/tools/bin/../lib/gcc/arm-none-eabi/7.3.1/thumb/v7e-m/fpv4-sp/hard\libgcc.a(_aeabi_uldivmod.o)
                0x0000000008000c88                __aeabi_uldivmod
 .text          0x0000000008000cb8      0x2cc c:/st/stm32cubeide_1.4.0/stm32cubeide/plugins/com.st.stm32cube.ide.mcu.externaltools.gnu-tools-for-stm32.7-2018-q2-update.win32_1.4.0.202007081208/tools/bin/../lib/gcc/arm-none-eabi/7.3.1/thumb/v7e-m/fpv4-sp/hard\libgcc.a(_udivmoddi4.o)
                0x0000000008000cb8                __udivmoddi4
 .text          0x0000000008000f84        0x4 c:/st/stm32cubeide_1.4.0/stm32cubeide/plugins/com.st.stm32cube.ide.mcu.externaltools.gnu-tools-for-stm32.7-2018-q2-update.win32_1.4.0.202007081208/tools/bin/../lib/gcc/arm-none-eabi/7.3.1/thumb/v7e-m/fpv4-sp/hard\libgcc.a(_dvmd_tls.o)
                0x0000000008000f84                __aeabi_idiv0
                0x0000000008000f84                __aeabi_ldiv0
 *(.text*)
 .text.MX_ADC1_Init
                0x0000000008000f88       0xa8 Core/Src/adc.o
                0x0000000008000f88                MX_ADC1_Init
 .text.HAL_ADC_MspInit
                0x0000000008001030       0x44 Core/Src/adc.o
                0x0000000008001030                HAL_ADC_MspInit
 .text.MX_CAN1_Init
                0x0000000008001074       0x6c Core/Src/can.o
                0x0000000008001074                MX_CAN1_Init
 .text.HAL_CAN_MspInit
                0x00000000080010e0       0xc0 Core/Src/can.o
                0x00000000080010e0                HAL_CAN_MspInit
 .text.MX_GPIO_Init
                0x00000000080011a0      0x258 Core/Src/gpio.o
                0x00000000080011a0                MX_GPIO_Init
 .text.System_Power_Hold
                0x00000000080013f8       0x34 Core/Src/main.o
 .text.flash_led
                0x000000000800142c       0x6c Core/Src/main.o
 .text.HAL_CAN_TxMailbox0CompleteCallback
                0x0000000008001498       0x24 Core/Src/main.o
                0x0000000008001498                HAL_CAN_TxMailbox0CompleteCallback
 .text.HAL_CAN_TxMailbox1CompleteCallback
                0x00000000080014bc       0x24 Core/Src/main.o
                0x00000000080014bc                HAL_CAN_TxMailbox1CompleteCallback
 .text.HAL_CAN_TxMailbox2CompleteCallback
                0x00000000080014e0       0x24 Core/Src/main.o
                0x00000000080014e0                HAL_CAN_TxMailbox2CompleteCallback
 .text.can_filter
                0x0000000008001504       0xb4 Core/Src/main.o
                0x0000000008001504                can_filter
 .text.process_can_packet
                0x00000000080015b8       0x50 Core/Src/main.o
                0x00000000080015b8                process_can_packet
 .text.HAL_CAN_RxFifo0MsgPendingCallback
                0x0000000008001608       0x18 Core/Src/main.o
                0x0000000008001608                HAL_CAN_RxFifo0MsgPendingCallback
 .text.HAL_CAN_RxFifo1MsgPendingCallback
                0x0000000008001620       0x18 Core/Src/main.o
                0x0000000008001620                HAL_CAN_RxFifo1MsgPendingCallback
 .text.LCD_Brightness
                0x0000000008001638       0xc8 Core/Src/main.o
 .text.USB_Power
                0x0000000008001700       0x34 Core/Src/main.o
 .text.Pi_Power
                0x0000000008001734       0x84 Core/Src/main.o
 .text.Get_SD_Card_State
                0x00000000080017b8       0x48 Core/Src/main.o
 .text.Fan_Control
                0x0000000008001800       0x58 Core/Src/main.o
 .text.Rasp_Pi_Tx
                0x0000000008001858       0x38 Core/Src/main.o
 .text.Add_CAN_Filter
                0x0000000008001890       0x50 Core/Src/main.o
 .text.ECU_CAN_Tx
                0x00000000080018e0       0x7c Core/Src/main.o
 .text.Digitaldash_Init
                0x000000000800195c       0x60 Core/Src/main.o
                0x000000000800195c                Digitaldash_Init
 .text.get_mcu_internal_temp
                0x00000000080019bc       0xac Core/Src/main.o
                0x00000000080019bc                get_mcu_internal_temp
 .text.HAL_TIM_PeriodElapsedCallback
                0x0000000008001a68       0x40 Core/Src/main.o
                0x0000000008001a68                HAL_TIM_PeriodElapsedCallback
 .text.main     0x0000000008001aa8       0xc4 Core/Src/main.o
                0x0000000008001aa8                main
 .text.SystemClock_Config
                0x0000000008001b6c       0xdc Core/Src/main.o
                0x0000000008001b6c                SystemClock_Config
 .text.HAL_UART_RxCpltCallback
                0x0000000008001c48       0x34 Core/Src/main.o
                0x0000000008001c48                HAL_UART_RxCpltCallback
 .text.HAL_GetTick
                0x0000000008001c7c       0x18 Core/Src/main.o
                0x0000000008001c7c                HAL_GetTick
 .text.HAL_IncTick
                0x0000000008001c94       0x88 Core/Src/main.o
                0x0000000008001c94                HAL_IncTick
 .text.Error_Handler
                0x0000000008001d1c       0x28 Core/Src/main.o
                0x0000000008001d1c                Error_Handler
 .text.HAL_MspInit
                0x0000000008001d44       0x50 Core/Src/stm32f4xx_hal_msp.o
                0x0000000008001d44                HAL_MspInit
 .text.NMI_Handler
                0x0000000008001d94        0xe Core/Src/stm32f4xx_it.o
                0x0000000008001d94                NMI_Handler
 .text.HardFault_Handler
                0x0000000008001da2        0x6 Core/Src/stm32f4xx_it.o
                0x0000000008001da2                HardFault_Handler
 .text.MemManage_Handler
                0x0000000008001da8        0x6 Core/Src/stm32f4xx_it.o
                0x0000000008001da8                MemManage_Handler
 .text.BusFault_Handler
                0x0000000008001dae        0x6 Core/Src/stm32f4xx_it.o
                0x0000000008001dae                BusFault_Handler
 .text.UsageFault_Handler
                0x0000000008001db4        0x6 Core/Src/stm32f4xx_it.o
                0x0000000008001db4                UsageFault_Handler
 .text.SVC_Handler
                0x0000000008001dba        0xe Core/Src/stm32f4xx_it.o
                0x0000000008001dba                SVC_Handler
 .text.DebugMon_Handler
                0x0000000008001dc8        0xe Core/Src/stm32f4xx_it.o
                0x0000000008001dc8                DebugMon_Handler
 .text.PendSV_Handler
                0x0000000008001dd6        0xe Core/Src/stm32f4xx_it.o
                0x0000000008001dd6                PendSV_Handler
 .text.SysTick_Handler
                0x0000000008001de4        0xc Core/Src/stm32f4xx_it.o
                0x0000000008001de4                SysTick_Handler
 .text.CAN1_TX_IRQHandler
                0x0000000008001df0       0x14 Core/Src/stm32f4xx_it.o
                0x0000000008001df0                CAN1_TX_IRQHandler
 .text.CAN1_RX0_IRQHandler
                0x0000000008001e04       0x14 Core/Src/stm32f4xx_it.o
                0x0000000008001e04                CAN1_RX0_IRQHandler
 .text.CAN1_RX1_IRQHandler
                0x0000000008001e18       0x14 Core/Src/stm32f4xx_it.o
                0x0000000008001e18                CAN1_RX1_IRQHandler
 .text.TIM1_TRG_COM_TIM11_IRQHandler
                0x0000000008001e2c       0x14 Core/Src/stm32f4xx_it.o
                0x0000000008001e2c                TIM1_TRG_COM_TIM11_IRQHandler
 .text.USART1_IRQHandler
                0x0000000008001e40       0x14 Core/Src/stm32f4xx_it.o
                0x0000000008001e40                USART1_IRQHandler
 .text.EXTI15_10_IRQHandler
                0x0000000008001e54       0x10 Core/Src/stm32f4xx_it.o
                0x0000000008001e54                EXTI15_10_IRQHandler
 .text.TIM8_UP_TIM13_IRQHandler
                0x0000000008001e64       0x1c Core/Src/stm32f4xx_it.o
                0x0000000008001e64                TIM8_UP_TIM13_IRQHandler
 .text._sbrk    0x0000000008001e80       0x58 Core/Src/sysmem.o
                0x0000000008001e80                _sbrk
 .text.SystemInit
                0x0000000008001ed8       0x2c Core/Src/system_stm32f4xx.o
                0x0000000008001ed8                SystemInit
 .text.MX_TIM2_Init
                0x0000000008001f04       0xf0 Core/Src/tim.o
                0x0000000008001f04                MX_TIM2_Init
 .text.MX_TIM3_Init
                0x0000000008001ff4       0x98 Core/Src/tim.o
                0x0000000008001ff4                MX_TIM3_Init
 .text.MX_TIM8_Init
                0x000000000800208c       0xa4 Core/Src/tim.o
                0x000000000800208c                MX_TIM8_Init
 .text.MX_TIM11_Init
                0x0000000008002130       0x48 Core/Src/tim.o
                0x0000000008002130                MX_TIM11_Init
 .text.MX_TIM13_Init
                0x0000000008002178       0x90 Core/Src/tim.o
                0x0000000008002178                MX_TIM13_Init
 .text.MX_TIM14_Init
                0x0000000008002208       0x98 Core/Src/tim.o
                0x0000000008002208                MX_TIM14_Init
 .text.HAL_TIM_Base_MspInit
                0x00000000080022a0      0x198 Core/Src/tim.o
                0x00000000080022a0                HAL_TIM_Base_MspInit
 .text.HAL_TIM_MspPostInit
                0x0000000008002438       0xc0 Core/Src/tim.o
                0x0000000008002438                HAL_TIM_MspPostInit
 .text.MX_USART1_UART_Init
                0x00000000080024f8       0x54 Core/Src/usart.o
                0x00000000080024f8                MX_USART1_UART_Init
 .text.HAL_UART_MspInit
                0x000000000800254c       0xa0 Core/Src/usart.o
                0x000000000800254c                HAL_UART_MspInit
 .text.Reset_Handler
                0x00000000080025ec       0x50 Core/Startup/startup_stm32f446retx.o
                0x00000000080025ec                Reset_Handler
 .text.Default_Handler
                0x000000000800263c        0x2 Core/Startup/startup_stm32f446retx.o
                0x000000000800263c                RTC_Alarm_IRQHandler
                0x000000000800263c                EXTI2_IRQHandler
                0x000000000800263c                TIM8_CC_IRQHandler
                0x000000000800263c                FMPI2C1_EV_IRQHandler
                0x000000000800263c                SPI4_IRQHandler
                0x000000000800263c                TIM1_CC_IRQHandler
                0x000000000800263c                DMA2_Stream5_IRQHandler
                0x000000000800263c                DMA1_Stream5_IRQHandler
                0x000000000800263c                PVD_IRQHandler
                0x000000000800263c                SDIO_IRQHandler
                0x000000000800263c                TAMP_STAMP_IRQHandler
                0x000000000800263c                CAN2_RX1_IRQHandler
                0x000000000800263c                EXTI3_IRQHandler
                0x000000000800263c                TIM8_TRG_COM_TIM14_IRQHandler
                0x000000000800263c                TIM1_UP_TIM10_IRQHandler
                0x000000000800263c                I2C3_ER_IRQHandler
                0x000000000800263c                EXTI0_IRQHandler
                0x000000000800263c                I2C2_EV_IRQHandler
                0x000000000800263c                DMA1_Stream2_IRQHandler
                0x000000000800263c                FPU_IRQHandler
                0x000000000800263c                OTG_HS_WKUP_IRQHandler
                0x000000000800263c                CAN2_SCE_IRQHandler
                0x000000000800263c                DMA2_Stream2_IRQHandler
                0x000000000800263c                SPI1_IRQHandler
                0x000000000800263c                TIM6_DAC_IRQHandler
                0x000000000800263c                TIM1_BRK_TIM9_IRQHandler
                0x000000000800263c                DCMI_IRQHandler
                0x000000000800263c                CAN2_RX0_IRQHandler
                0x000000000800263c                DMA2_Stream3_IRQHandler
                0x000000000800263c                SAI2_IRQHandler
                0x000000000800263c                USART6_IRQHandler
                0x000000000800263c                USART3_IRQHandler
                0x000000000800263c                UART5_IRQHandler
                0x000000000800263c                DMA2_Stream0_IRQHandler
                0x000000000800263c                TIM4_IRQHandler
                0x000000000800263c                QUADSPI_IRQHandler
                0x000000000800263c                I2C1_EV_IRQHandler
                0x000000000800263c                DMA1_Stream6_IRQHandler
                0x000000000800263c                DMA1_Stream1_IRQHandler
                0x000000000800263c                UART4_IRQHandler
                0x000000000800263c                TIM3_IRQHandler
                0x000000000800263c                RCC_IRQHandler
                0x000000000800263c                TIM8_BRK_TIM12_IRQHandler
                0x000000000800263c                Default_Handler
                0x000000000800263c                CEC_IRQHandler
                0x000000000800263c                ADC_IRQHandler
                0x000000000800263c                DMA1_Stream7_IRQHandler
                0x000000000800263c                TIM7_IRQHandler
                0x000000000800263c                CAN2_TX_IRQHandler
                0x000000000800263c                TIM5_IRQHandler
                0x000000000800263c                DMA2_Stream7_IRQHandler
                0x000000000800263c                I2C3_EV_IRQHandler
                0x000000000800263c                EXTI9_5_IRQHandler
                0x000000000800263c                RTC_WKUP_IRQHandler
                0x000000000800263c                SPDIF_RX_IRQHandler
                0x000000000800263c                SPI2_IRQHandler
                0x000000000800263c                OTG_HS_EP1_IN_IRQHandler
                0x000000000800263c                DMA1_Stream0_IRQHandler
                0x000000000800263c                FMPI2C1_ER_IRQHandler
                0x000000000800263c                EXTI4_IRQHandler
                0x000000000800263c                OTG_HS_EP1_OUT_IRQHandler
                0x000000000800263c                WWDG_IRQHandler
                0x000000000800263c                TIM2_IRQHandler
                0x000000000800263c                OTG_FS_WKUP_IRQHandler
                0x000000000800263c                OTG_HS_IRQHandler
                0x000000000800263c                EXTI1_IRQHandler
                0x000000000800263c                USART2_IRQHandler
                0x000000000800263c                I2C2_ER_IRQHandler
                0x000000000800263c                DMA2_Stream1_IRQHandler
                0x000000000800263c                CAN1_SCE_IRQHandler
                0x000000000800263c                FLASH_IRQHandler
                0x000000000800263c                DMA2_Stream4_IRQHandler
                0x000000000800263c                OTG_FS_IRQHandler
                0x000000000800263c                SPI3_IRQHandler
                0x000000000800263c                DMA1_Stream4_IRQHandler
                0x000000000800263c                I2C1_ER_IRQHandler
                0x000000000800263c                FMC_IRQHandler
                0x000000000800263c                DMA2_Stream6_IRQHandler
                0x000000000800263c                SAI1_IRQHandler
                0x000000000800263c                DMA1_Stream3_IRQHandler
 *fill*         0x000000000800263e        0x2 
 .text.HAL_Init
                0x0000000008002640       0x44 Drivers/STM32F4xx_HAL_Driver/Src/stm32f4xx_hal.o
                0x0000000008002640                HAL_Init
 .text.HAL_InitTick
                0x0000000008002684       0x60 Drivers/STM32F4xx_HAL_Driver/Src/stm32f4xx_hal.o
                0x0000000008002684                HAL_InitTick
 .text.HAL_ADC_Init
                0x00000000080026e4       0x86 Drivers/STM32F4xx_HAL_Driver/Src/stm32f4xx_hal_adc.o
                0x00000000080026e4                HAL_ADC_Init
 *fill*         0x000000000800276a        0x2 
 .text.HAL_ADC_Start
                0x000000000800276c      0x18c Drivers/STM32F4xx_HAL_Driver/Src/stm32f4xx_hal_adc.o
                0x000000000800276c                HAL_ADC_Start
 .text.HAL_ADC_Stop
                0x00000000080028f8       0x66 Drivers/STM32F4xx_HAL_Driver/Src/stm32f4xx_hal_adc.o
                0x00000000080028f8                HAL_ADC_Stop
 .text.HAL_ADC_PollForConversion
                0x000000000800295e      0x108 Drivers/STM32F4xx_HAL_Driver/Src/stm32f4xx_hal_adc.o
                0x000000000800295e                HAL_ADC_PollForConversion
 .text.HAL_ADC_GetValue
                0x0000000008002a66       0x1a Drivers/STM32F4xx_HAL_Driver/Src/stm32f4xx_hal_adc.o
                0x0000000008002a66                HAL_ADC_GetValue
 .text.HAL_ADC_ConfigChannel
                0x0000000008002a80      0x264 Drivers/STM32F4xx_HAL_Driver/Src/stm32f4xx_hal_adc.o
                0x0000000008002a80                HAL_ADC_ConfigChannel
 .text.ADC_Init
                0x0000000008002ce4      0x1f8 Drivers/STM32F4xx_HAL_Driver/Src/stm32f4xx_hal_adc.o
 .text.HAL_CAN_Init
                0x0000000008002edc      0x1f6 Drivers/STM32F4xx_HAL_Driver/Src/stm32f4xx_hal_can.o
                0x0000000008002edc                HAL_CAN_Init
 *fill*         0x00000000080030d2        0x2 
 .text.HAL_CAN_ConfigFilter
                0x00000000080030d4      0x1c0 Drivers/STM32F4xx_HAL_Driver/Src/stm32f4xx_hal_can.o
                0x00000000080030d4                HAL_CAN_ConfigFilter
 .text.HAL_CAN_Start
                0x0000000008003294       0x88 Drivers/STM32F4xx_HAL_Driver/Src/stm32f4xx_hal_can.o
                0x0000000008003294                HAL_CAN_Start
 .text.HAL_CAN_AddTxMessage
                0x000000000800331c      0x1b6 Drivers/STM32F4xx_HAL_Driver/Src/stm32f4xx_hal_can.o
                0x000000000800331c                HAL_CAN_AddTxMessage
 .text.HAL_CAN_GetRxMessage
                0x00000000080034d2      0x226 Drivers/STM32F4xx_HAL_Driver/Src/stm32f4xx_hal_can.o
                0x00000000080034d2                HAL_CAN_GetRxMessage
 .text.HAL_CAN_ActivateNotification
                0x00000000080036f8       0x4c Drivers/STM32F4xx_HAL_Driver/Src/stm32f4xx_hal_can.o
                0x00000000080036f8                HAL_CAN_ActivateNotification
 .text.HAL_CAN_IRQHandler
                0x0000000008003744      0x362 Drivers/STM32F4xx_HAL_Driver/Src/stm32f4xx_hal_can.o
                0x0000000008003744                HAL_CAN_IRQHandler
 .text.HAL_CAN_TxMailbox0AbortCallback
                0x0000000008003aa6       0x14 Drivers/STM32F4xx_HAL_Driver/Src/stm32f4xx_hal_can.o
                0x0000000008003aa6                HAL_CAN_TxMailbox0AbortCallback
 .text.HAL_CAN_TxMailbox1AbortCallback
                0x0000000008003aba       0x14 Drivers/STM32F4xx_HAL_Driver/Src/stm32f4xx_hal_can.o
                0x0000000008003aba                HAL_CAN_TxMailbox1AbortCallback
 .text.HAL_CAN_TxMailbox2AbortCallback
                0x0000000008003ace       0x14 Drivers/STM32F4xx_HAL_Driver/Src/stm32f4xx_hal_can.o
                0x0000000008003ace                HAL_CAN_TxMailbox2AbortCallback
 .text.HAL_CAN_RxFifo0FullCallback
                0x0000000008003ae2       0x14 Drivers/STM32F4xx_HAL_Driver/Src/stm32f4xx_hal_can.o
                0x0000000008003ae2                HAL_CAN_RxFifo0FullCallback
 .text.HAL_CAN_RxFifo1FullCallback
                0x0000000008003af6       0x14 Drivers/STM32F4xx_HAL_Driver/Src/stm32f4xx_hal_can.o
                0x0000000008003af6                HAL_CAN_RxFifo1FullCallback
 .text.HAL_CAN_SleepCallback
                0x0000000008003b0a       0x14 Drivers/STM32F4xx_HAL_Driver/Src/stm32f4xx_hal_can.o
                0x0000000008003b0a                HAL_CAN_SleepCallback
 .text.HAL_CAN_WakeUpFromRxMsgCallback
                0x0000000008003b1e       0x14 Drivers/STM32F4xx_HAL_Driver/Src/stm32f4xx_hal_can.o
                0x0000000008003b1e                HAL_CAN_WakeUpFromRxMsgCallback
 .text.HAL_CAN_ErrorCallback
                0x0000000008003b32       0x14 Drivers/STM32F4xx_HAL_Driver/Src/stm32f4xx_hal_can.o
                0x0000000008003b32                HAL_CAN_ErrorCallback
 *fill*         0x0000000008003b46        0x2 
 .text.__NVIC_SetPriorityGrouping
                0x0000000008003b48       0x48 Drivers/STM32F4xx_HAL_Driver/Src/stm32f4xx_hal_cortex.o
 .text.__NVIC_GetPriorityGrouping
                0x0000000008003b90       0x1c Drivers/STM32F4xx_HAL_Driver/Src/stm32f4xx_hal_cortex.o
 .text.__NVIC_EnableIRQ
                0x0000000008003bac       0x3c Drivers/STM32F4xx_HAL_Driver/Src/stm32f4xx_hal_cortex.o
 .text.__NVIC_SetPriority
                0x0000000008003be8       0x54 Drivers/STM32F4xx_HAL_Driver/Src/stm32f4xx_hal_cortex.o
 .text.NVIC_EncodePriority
                0x0000000008003c3c       0x66 Drivers/STM32F4xx_HAL_Driver/Src/stm32f4xx_hal_cortex.o
 *fill*         0x0000000008003ca2        0x2 
 .text.SysTick_Config
                0x0000000008003ca4       0x44 Drivers/STM32F4xx_HAL_Driver/Src/stm32f4xx_hal_cortex.o
 .text.HAL_NVIC_SetPriorityGrouping
                0x0000000008003ce8       0x16 Drivers/STM32F4xx_HAL_Driver/Src/stm32f4xx_hal_cortex.o
                0x0000000008003ce8                HAL_NVIC_SetPriorityGrouping
 .text.HAL_NVIC_SetPriority
                0x0000000008003cfe       0x38 Drivers/STM32F4xx_HAL_Driver/Src/stm32f4xx_hal_cortex.o
                0x0000000008003cfe                HAL_NVIC_SetPriority
 .text.HAL_NVIC_EnableIRQ
                0x0000000008003d36       0x1c Drivers/STM32F4xx_HAL_Driver/Src/stm32f4xx_hal_cortex.o
                0x0000000008003d36                HAL_NVIC_EnableIRQ
 .text.HAL_SYSTICK_Config
                0x0000000008003d52       0x18 Drivers/STM32F4xx_HAL_Driver/Src/stm32f4xx_hal_cortex.o
                0x0000000008003d52                HAL_SYSTICK_Config
 .text.HAL_DMA_Abort_IT
                0x0000000008003d6a       0x44 Drivers/STM32F4xx_HAL_Driver/Src/stm32f4xx_hal_dma.o
                0x0000000008003d6a                HAL_DMA_Abort_IT
 *fill*         0x0000000008003dae        0x2 
 .text.HAL_GPIO_Init
                0x0000000008003db0      0x324 Drivers/STM32F4xx_HAL_Driver/Src/stm32f4xx_hal_gpio.o
                0x0000000008003db0                HAL_GPIO_Init
 .text.HAL_GPIO_ReadPin
                0x00000000080040d4       0x30 Drivers/STM32F4xx_HAL_Driver/Src/stm32f4xx_hal_gpio.o
                0x00000000080040d4                HAL_GPIO_ReadPin
 .text.HAL_GPIO_WritePin
                0x0000000008004104       0x32 Drivers/STM32F4xx_HAL_Driver/Src/stm32f4xx_hal_gpio.o
                0x0000000008004104                HAL_GPIO_WritePin
 .text.HAL_GPIO_TogglePin
                0x0000000008004136       0x36 Drivers/STM32F4xx_HAL_Driver/Src/stm32f4xx_hal_gpio.o
                0x0000000008004136                HAL_GPIO_TogglePin
 .text.HAL_GPIO_EXTI_IRQHandler
                0x000000000800416c       0x30 Drivers/STM32F4xx_HAL_Driver/Src/stm32f4xx_hal_gpio.o
                0x000000000800416c                HAL_GPIO_EXTI_IRQHandler
 .text.HAL_GPIO_EXTI_Callback
                0x000000000800419c       0x16 Drivers/STM32F4xx_HAL_Driver/Src/stm32f4xx_hal_gpio.o
                0x000000000800419c                HAL_GPIO_EXTI_Callback
 *fill*         0x00000000080041b2        0x2 
 .text.HAL_RCC_ClockConfig
                0x00000000080041b4      0x1c4 Drivers/STM32F4xx_HAL_Driver/Src/stm32f4xx_hal_rcc.o
                0x00000000080041b4                HAL_RCC_ClockConfig
 .text.HAL_RCC_GetHCLKFreq
                0x0000000008004378       0x18 Drivers/STM32F4xx_HAL_Driver/Src/stm32f4xx_hal_rcc.o
                0x0000000008004378                HAL_RCC_GetHCLKFreq
 .text.HAL_RCC_GetPCLK1Freq
                0x0000000008004390       0x28 Drivers/STM32F4xx_HAL_Driver/Src/stm32f4xx_hal_rcc.o
                0x0000000008004390                HAL_RCC_GetPCLK1Freq
 .text.HAL_RCC_GetPCLK2Freq
                0x00000000080043b8       0x28 Drivers/STM32F4xx_HAL_Driver/Src/stm32f4xx_hal_rcc.o
                0x00000000080043b8                HAL_RCC_GetPCLK2Freq
 .text.HAL_RCC_GetSysClockFreq
                0x00000000080043e0      0x340 Drivers/STM32F4xx_HAL_Driver/Src/stm32f4xx_hal_rcc_ex.o
                0x00000000080043e0                HAL_RCC_GetSysClockFreq
 .text.HAL_RCC_OscConfig
                0x0000000008004720      0x4b4 Drivers/STM32F4xx_HAL_Driver/Src/stm32f4xx_hal_rcc_ex.o
                0x0000000008004720                HAL_RCC_OscConfig
 .text.HAL_TIM_Base_Init
                0x0000000008004bd4       0x56 Drivers/STM32F4xx_HAL_Driver/Src/stm32f4xx_hal_tim.o
                0x0000000008004bd4                HAL_TIM_Base_Init
 .text.HAL_TIM_Base_Start_IT
                0x0000000008004c2a       0x48 Drivers/STM32F4xx_HAL_Driver/Src/stm32f4xx_hal_tim.o
                0x0000000008004c2a                HAL_TIM_Base_Start_IT
 .text.HAL_TIM_PWM_Init
                0x0000000008004c72       0x56 Drivers/STM32F4xx_HAL_Driver/Src/stm32f4xx_hal_tim.o
                0x0000000008004c72                HAL_TIM_PWM_Init
 .text.HAL_TIM_PWM_MspInit
                0x0000000008004cc8       0x14 Drivers/STM32F4xx_HAL_Driver/Src/stm32f4xx_hal_tim.o
                0x0000000008004cc8                HAL_TIM_PWM_MspInit
 .text.HAL_TIM_PWM_Start
                0x0000000008004cdc       0x7c Drivers/STM32F4xx_HAL_Driver/Src/stm32f4xx_hal_tim.o
                0x0000000008004cdc                HAL_TIM_PWM_Start
 .text.HAL_TIM_PWM_Stop
                0x0000000008004d58       0xb0 Drivers/STM32F4xx_HAL_Driver/Src/stm32f4xx_hal_tim.o
                0x0000000008004d58                HAL_TIM_PWM_Stop
 .text.HAL_TIM_IC_Init
                0x0000000008004e08       0x56 Drivers/STM32F4xx_HAL_Driver/Src/stm32f4xx_hal_tim.o
                0x0000000008004e08                HAL_TIM_IC_Init
 .text.HAL_TIM_IC_MspInit
                0x0000000008004e5e       0x14 Drivers/STM32F4xx_HAL_Driver/Src/stm32f4xx_hal_tim.o
                0x0000000008004e5e                HAL_TIM_IC_MspInit
 .text.HAL_TIM_IRQHandler
                0x0000000008004e72      0x210 Drivers/STM32F4xx_HAL_Driver/Src/stm32f4xx_hal_tim.o
                0x0000000008004e72                HAL_TIM_IRQHandler
 .text.HAL_TIM_IC_ConfigChannel
                0x0000000008005082      0x138 Drivers/STM32F4xx_HAL_Driver/Src/stm32f4xx_hal_tim.o
                0x0000000008005082                HAL_TIM_IC_ConfigChannel
 *fill*         0x00000000080051ba        0x2 
 .text.HAL_TIM_PWM_ConfigChannel
                0x00000000080051bc      0x18c Drivers/STM32F4xx_HAL_Driver/Src/stm32f4xx_hal_tim.o
                0x00000000080051bc                HAL_TIM_PWM_ConfigChannel
 .text.HAL_TIM_ConfigClockSource
                0x0000000008005348      0x16e Drivers/STM32F4xx_HAL_Driver/Src/stm32f4xx_hal_tim.o
                0x0000000008005348                HAL_TIM_ConfigClockSource
 .text.HAL_TIM_OC_DelayElapsedCallback
                0x00000000080054b6       0x14 Drivers/STM32F4xx_HAL_Driver/Src/stm32f4xx_hal_tim.o
                0x00000000080054b6                HAL_TIM_OC_DelayElapsedCallback
 .text.HAL_TIM_IC_CaptureCallback
                0x00000000080054ca       0x14 Drivers/STM32F4xx_HAL_Driver/Src/stm32f4xx_hal_tim.o
                0x00000000080054ca                HAL_TIM_IC_CaptureCallback
 .text.HAL_TIM_PWM_PulseFinishedCallback
                0x00000000080054de       0x14 Drivers/STM32F4xx_HAL_Driver/Src/stm32f4xx_hal_tim.o
                0x00000000080054de                HAL_TIM_PWM_PulseFinishedCallback
 .text.HAL_TIM_TriggerCallback
                0x00000000080054f2       0x14 Drivers/STM32F4xx_HAL_Driver/Src/stm32f4xx_hal_tim.o
                0x00000000080054f2                HAL_TIM_TriggerCallback
 *fill*         0x0000000008005506        0x2 
 .text.TIM_Base_SetConfig
                0x0000000008005508      0x140 Drivers/STM32F4xx_HAL_Driver/Src/stm32f4xx_hal_tim.o
                0x0000000008005508                TIM_Base_SetConfig
 .text.TIM_OC1_SetConfig
                0x0000000008005648       0xe0 Drivers/STM32F4xx_HAL_Driver/Src/stm32f4xx_hal_tim.o
 .text.TIM_OC2_SetConfig
                0x0000000008005728       0xec Drivers/STM32F4xx_HAL_Driver/Src/stm32f4xx_hal_tim.o
                0x0000000008005728                TIM_OC2_SetConfig
 .text.TIM_OC3_SetConfig
                0x0000000008005814       0xe8 Drivers/STM32F4xx_HAL_Driver/Src/stm32f4xx_hal_tim.o
 .text.TIM_OC4_SetConfig
                0x00000000080058fc       0xac Drivers/STM32F4xx_HAL_Driver/Src/stm32f4xx_hal_tim.o
 .text.TIM_TI1_SetConfig
                0x00000000080059a8       0xe8 Drivers/STM32F4xx_HAL_Driver/Src/stm32f4xx_hal_tim.o
                0x00000000080059a8                TIM_TI1_SetConfig
 .text.TIM_TI1_ConfigInputStage
                0x0000000008005a90       0x5e Drivers/STM32F4xx_HAL_Driver/Src/stm32f4xx_hal_tim.o
 .text.TIM_TI2_SetConfig
                0x0000000008005aee       0x7a Drivers/STM32F4xx_HAL_Driver/Src/stm32f4xx_hal_tim.o
 .text.TIM_TI2_ConfigInputStage
                0x0000000008005b68       0x60 Drivers/STM32F4xx_HAL_Driver/Src/stm32f4xx_hal_tim.o
 .text.TIM_TI3_SetConfig
                0x0000000008005bc8       0x78 Drivers/STM32F4xx_HAL_Driver/Src/stm32f4xx_hal_tim.o
 .text.TIM_TI4_SetConfig
                0x0000000008005c40       0x7a Drivers/STM32F4xx_HAL_Driver/Src/stm32f4xx_hal_tim.o
 .text.TIM_ITRx_SetConfig
                0x0000000008005cba       0x36 Drivers/STM32F4xx_HAL_Driver/Src/stm32f4xx_hal_tim.o
 .text.TIM_ETR_SetConfig
                0x0000000008005cf0       0x40 Drivers/STM32F4xx_HAL_Driver/Src/stm32f4xx_hal_tim.o
                0x0000000008005cf0                TIM_ETR_SetConfig
 .text.TIM_CCxChannelCmd
                0x0000000008005d30       0x4a Drivers/STM32F4xx_HAL_Driver/Src/stm32f4xx_hal_tim.o
                0x0000000008005d30                TIM_CCxChannelCmd
 .text.HAL_TIMEx_MasterConfigSynchronization
                0x0000000008005d7a       0x8a Drivers/STM32F4xx_HAL_Driver/Src/stm32f4xx_hal_tim_ex.o
                0x0000000008005d7a                HAL_TIMEx_MasterConfigSynchronization
 .text.HAL_TIMEx_CommutCallback
                0x0000000008005e04       0x14 Drivers/STM32F4xx_HAL_Driver/Src/stm32f4xx_hal_tim_ex.o
                0x0000000008005e04                HAL_TIMEx_CommutCallback
 .text.HAL_TIMEx_BreakCallback
                0x0000000008005e18       0x14 Drivers/STM32F4xx_HAL_Driver/Src/stm32f4xx_hal_tim_ex.o
                0x0000000008005e18                HAL_TIMEx_BreakCallback
 .text.HAL_UART_Init
                0x0000000008005e2c       0x9a Drivers/STM32F4xx_HAL_Driver/Src/stm32f4xx_hal_uart.o
                0x0000000008005e2c                HAL_UART_Init
 .text.HAL_UART_Transmit_IT
                0x0000000008005ec6       0x8a Drivers/STM32F4xx_HAL_Driver/Src/stm32f4xx_hal_uart.o
                0x0000000008005ec6                HAL_UART_Transmit_IT
 .text.HAL_UART_Receive_IT
                0x0000000008005f50       0xaa Drivers/STM32F4xx_HAL_Driver/Src/stm32f4xx_hal_uart.o
                0x0000000008005f50                HAL_UART_Receive_IT
 *fill*         0x0000000008005ffa        0x2 
 .text.HAL_UART_IRQHandler
                0x0000000008005ffc      0x1f8 Drivers/STM32F4xx_HAL_Driver/Src/stm32f4xx_hal_uart.o
                0x0000000008005ffc                HAL_UART_IRQHandler
 .text.HAL_UART_TxCpltCallback
                0x00000000080061f4       0x14 Drivers/STM32F4xx_HAL_Driver/Src/stm32f4xx_hal_uart.o
                0x00000000080061f4                HAL_UART_TxCpltCallback
 .text.HAL_UART_ErrorCallback
                0x0000000008006208       0x14 Drivers/STM32F4xx_HAL_Driver/Src/stm32f4xx_hal_uart.o
                0x0000000008006208                HAL_UART_ErrorCallback
 .text.UART_EndRxTransfer
                0x000000000800621c       0x3c Drivers/STM32F4xx_HAL_Driver/Src/stm32f4xx_hal_uart.o
 .text.UART_DMAAbortOnError
                0x0000000008006258       0x28 Drivers/STM32F4xx_HAL_Driver/Src/stm32f4xx_hal_uart.o
 .text.UART_Transmit_IT
                0x0000000008006280       0xac Drivers/STM32F4xx_HAL_Driver/Src/stm32f4xx_hal_uart.o
 .text.UART_EndTransmit_IT
                0x000000000800632c       0x30 Drivers/STM32F4xx_HAL_Driver/Src/stm32f4xx_hal_uart.o
 .text.UART_Receive_IT
                0x000000000800635c      0x102 Drivers/STM32F4xx_HAL_Driver/Src/stm32f4xx_hal_uart.o
 *fill*         0x000000000800645e        0x2 
 .text.UART_SetConfig
                0x0000000008006460      0x414 Drivers/STM32F4xx_HAL_Driver/Src/stm32f4xx_hal_uart.o
 .text.CAN_Sniffer_Initialize
                0x0000000008006874       0x70 lib/lib_can_bus_sniffer/src/lib_can_bus_sniffer.o
                0x0000000008006874                CAN_Sniffer_Initialize
 .text.add_filter
                0x00000000080068e4       0x70 lib/lib_can_bus_sniffer/src/lib_can_bus_sniffer.o
 .text.CAN_Sniffer_PID_Supported
                0x0000000008006954       0x3c lib/lib_can_bus_sniffer/src/lib_can_bus_sniffer.o
                0x0000000008006954                CAN_Sniffer_PID_Supported
 .text.CAN_Sniffer_Add_PID
                0x0000000008006990       0xb4 lib/lib_can_bus_sniffer/src/lib_can_bus_sniffer.o
                0x0000000008006990                CAN_Sniffer_Add_PID
 .text.CAN_Sniffer_Add_Packet
                0x0000000008006a44      0x218 lib/lib_can_bus_sniffer/src/lib_can_bus_sniffer.o
                0x0000000008006a44                CAN_Sniffer_Add_Packet
 .text.CAN_Sniffer_tick
                0x0000000008006c5c       0x1c lib/lib_can_bus_sniffer/src/lib_can_bus_sniffer.o
                0x0000000008006c5c                CAN_Sniffer_tick
 .text.map      0x0000000008006c78       0x38 lib/lib_digital_dash/src/lib_digital_dash.o
 .text.DigitalDash_Reset_PID
                0x0000000008006cb0       0x28 lib/lib_digital_dash/src/lib_digital_dash.o
 .text.DigitalDash_Reset_PID_Stream
                0x0000000008006cd8       0xac lib/lib_digital_dash/src/lib_digital_dash.o
 .text.DigitalDash_Add_PID_To_Stream
                0x0000000008006d84      0x168 lib/lib_digital_dash/src/lib_digital_dash.o
 .text.DigitalDash_Reset_App
                0x0000000008006eec       0x64 lib/lib_digital_dash/src/lib_digital_dash.o
                0x0000000008006eec                DigitalDash_Reset_App
 .text.Update_LCD_Brightness
                0x0000000008006f50       0x50 lib/lib_digital_dash/src/lib_digital_dash.o
 .text.Refresh_LCD
                0x0000000008006fa0       0x20 lib/lib_digital_dash/src/lib_digital_dash.o
 .text.update_app_flag
                0x0000000008006fc0       0x54 lib/lib_digital_dash/src/lib_digital_dash.o
 .text.dd_update_sd_card_state
                0x0000000008007014       0x1c lib/lib_digital_dash/src/lib_digital_dash.o
                0x0000000008007014                dd_update_sd_card_state
 .text.digitaldash_get_flag
                0x0000000008007030       0x34 lib/lib_digital_dash/src/lib_digital_dash.o
                0x0000000008007030                digitaldash_get_flag
 .text.DigitalDash_Add_UART_byte
                0x0000000008007064       0x4c lib/lib_digital_dash/src/lib_digital_dash.o
                0x0000000008007064                DigitalDash_Add_UART_byte
 .text.DigitalDash_Add_CAN_Packet
                0x00000000080070b0       0x58 lib/lib_digital_dash/src/lib_digital_dash.o
                0x00000000080070b0                DigitalDash_Add_CAN_Packet
 .text.active_cooling
                0x0000000008007108       0x20 lib/lib_digital_dash/src/lib_digital_dash.o
                0x0000000008007108                active_cooling
 .text.DigitalDash_Config_Null_Check
                0x0000000008007128       0x9c lib/lib_digital_dash/src/lib_digital_dash.o
                0x0000000008007128                DigitalDash_Config_Null_Check
 .text.digitaldash_init
                0x00000000080071c4      0x180 lib/lib_digital_dash/src/lib_digital_dash.o
                0x00000000080071c4                digitaldash_init
 .text.host_power
                0x0000000008007344       0x74 lib/lib_digital_dash/src/lib_digital_dash.o
 .text.DigitalDash_PowerCylce
                0x00000000080073b8       0x1c lib/lib_digital_dash/src/lib_digital_dash.o
 .text.digitaldash_service
                0x00000000080073d4       0xec lib/lib_digital_dash/src/lib_digital_dash.o
                0x00000000080073d4                digitaldash_service
 .text.digitaldash_tick
                0x00000000080074c0      0x3a8 lib/lib_digital_dash/src/lib_digital_dash.o
                0x00000000080074c0                digitaldash_tick
 .text.KE_Initialize
                0x0000000008007868       0x40 lib/lib_ke_protocol/src/lib_ke_protocol.o
                0x0000000008007868                KE_Initialize
 .text.KE_Service
                0x00000000080078a8      0x118 lib/lib_ke_protocol/src/lib_ke_protocol.o
                0x00000000080078a8                KE_Service
 .text.KE_Process_Packet
                0x00000000080079c0      0x204 lib/lib_ke_protocol/src/lib_ke_protocol.o
 .text.KE_Add_UART_Byte
                0x0000000008007bc4      0x16e lib/lib_ke_protocol/src/lib_ke_protocol.o
                0x0000000008007bc4                KE_Add_UART_Byte
 *fill*         0x0000000008007d32        0x2 
 .text.Generate_TX_Message
                0x0000000008007d34      0x2c4 lib/lib_ke_protocol/src/lib_ke_protocol.o
 .text.KE_tick  0x0000000008007ff8       0x1c lib/lib_ke_protocol/src/lib_ke_protocol.o
                0x0000000008007ff8                KE_tick
 .text.reset_idle_time
                0x0000000008008014       0x20 lib/lib_ke_protocol/src/lib_ke_protocol.o
 .text.clear_diagnostics
                0x0000000008008034       0x26 lib/lib_ke_protocol/src/lib_ke_protocol.o
 .text.flush_tx_buffer
                0x000000000800805a       0x26 lib/lib_ke_protocol/src/lib_ke_protocol.o
 .text.flush_rx_buffer
                0x0000000008008080       0x26 lib/lib_ke_protocol/src/lib_ke_protocol.o
 .text.clear_pid_entries
                0x00000000080080a6       0x4a lib/lib_ke_protocol/src/lib_ke_protocol.o
 .text.get_num_bytes
                0x00000000080080f0       0x26 lib/lib_obdii/src/lib_obdii.o
 .text.OBDII_Continue
                0x0000000008008116       0x28 lib/lib_obdii/src/lib_obdii.o
                0x0000000008008116                OBDII_Continue
 .text.OBDII_Pause
                0x000000000800813e       0x38 lib/lib_obdii/src/lib_obdii.o
                0x000000000800813e                OBDII_Pause
 *fill*         0x0000000008008176        0x2 
 .text.OBDII_Initialize
                0x0000000008008178       0x38 lib/lib_obdii/src/lib_obdii.o
                0x0000000008008178                OBDII_Initialize
 .text.OBDII_add_PID_request
                0x00000000080081b0       0x5c lib/lib_obdii/src/lib_obdii.o
                0x00000000080081b0                OBDII_add_PID_request
 .text.OBDII_Service
                0x000000000800820c      0x1f8 lib/lib_obdii/src/lib_obdii.o
                0x000000000800820c                OBDII_Service
 .text.OBDII_Add_Packet
                0x0000000008008404      0x1b4 lib/lib_obdii/src/lib_obdii.o
                0x0000000008008404                OBDII_Add_Packet
 .text.OBDII_Process_Packet
                0x00000000080085b8      0x1d8 lib/lib_obdii/src/lib_obdii.o
 .text.lookup_payload_length
                0x0000000008008790      0x1a8 lib/lib_obdii/src/lib_obdii.o
 .text.obdii_generate_PID_Request
                0x0000000008008938      0x384 lib/lib_obdii/src/lib_obdii.o
 .text.get_pid_value
                0x0000000008008cbc      0x270 lib/lib_obdii/src/lib_obdii.o
 .text.refresh_timeout
                0x0000000008008f2c       0x20 lib/lib_obdii/src/lib_obdii.o
 .text.OBDII_tick
                0x0000000008008f4c       0x1c lib/lib_obdii/src/lib_obdii.o
                0x0000000008008f4c                OBDII_tick
 .text.clear_obdii_packets
                0x0000000008008f68       0x98 lib/lib_obdii/src/lib_obdii.o
 .text.flush_obdii_rx_buf
                0x0000000008009000       0x26 lib/lib_obdii/src/lib_obdii.o
 .text.next_byte
                0x0000000008009026       0x40 lib/lib_obdii/src/lib_obdii.o
 .text.clear_diagnostics
                0x0000000008009066       0x34 lib/lib_obdii/src/lib_obdii.o
 .text.clear_pid_entries
                0x000000000800909a       0x2e lib/lib_obdii/src/lib_obdii.o
 .text.get_pid_base_unit
                0x00000000080090c8      0x250 lib/lib_pid/src/lib_pid.o
                0x00000000080090c8                get_pid_base_unit
 .text.convert_units
                0x0000000008009318      0x10a lib/lib_unit_conversion/src/lib_unit_conversion.o
                0x0000000008009318                convert_units
 *fill*         0x0000000008009422        0x2 
 .text.fahrenheit_to_celcuis
                0x0000000008009424       0x34 lib/lib_unit_conversion/src/lib_unit_conversion.o
                0x0000000008009424                fahrenheit_to_celcuis
 .text.celcuis_to_fahrenheit
                0x0000000008009458       0x34 lib/lib_unit_conversion/src/lib_unit_conversion.o
                0x0000000008009458                celcuis_to_fahrenheit
 .text.kmh_to_mph
                0x000000000800948c       0x2c lib/lib_unit_conversion/src/lib_unit_conversion.o
                0x000000000800948c                kmh_to_mph
 .text.mph_to_kmh
                0x00000000080094b8       0x28 lib/lib_unit_conversion/src/lib_unit_conversion.o
                0x00000000080094b8                mph_to_kmh
 .text.kpa_to_psi
                0x00000000080094e0       0x28 lib/lib_unit_conversion/src/lib_unit_conversion.o
                0x00000000080094e0                kpa_to_psi
 .text.psi_to_kpa
                0x0000000008009508       0x2c lib/lib_unit_conversion/src/lib_unit_conversion.o
                0x0000000008009508                psi_to_kpa
 .text.__errno  0x0000000008009534        0xc c:/st/stm32cubeide_1.4.0/stm32cubeide/plugins/com.st.stm32cube.ide.mcu.externaltools.gnu-tools-for-stm32.7-2018-q2-update.win32_1.4.0.202007081208/tools/bin/../lib/gcc/arm-none-eabi/7.3.1/../../../../arm-none-eabi/lib/thumb/v7e-m/fpv4-sp/hard\libc_nano.a(lib_a-errno.o)
                0x0000000008009534                __errno
 .text.__libc_init_array
                0x0000000008009540       0x48 c:/st/stm32cubeide_1.4.0/stm32cubeide/plugins/com.st.stm32cube.ide.mcu.externaltools.gnu-tools-for-stm32.7-2018-q2-update.win32_1.4.0.202007081208/tools/bin/../lib/gcc/arm-none-eabi/7.3.1/../../../../arm-none-eabi/lib/thumb/v7e-m/fpv4-sp/hard\libc_nano.a(lib_a-init.o)
                0x0000000008009540                __libc_init_array
 .text.memset   0x0000000008009588       0x10 c:/st/stm32cubeide_1.4.0/stm32cubeide/plugins/com.st.stm32cube.ide.mcu.externaltools.gnu-tools-for-stm32.7-2018-q2-update.win32_1.4.0.202007081208/tools/bin/../lib/gcc/arm-none-eabi/7.3.1/../../../../arm-none-eabi/lib/thumb/v7e-m/fpv4-sp/hard\libc_nano.a(lib_a-memset.o)
                0x0000000008009588                memset
 .text.__cvt    0x0000000008009598       0xc2 c:/st/stm32cubeide_1.4.0/stm32cubeide/plugins/com.st.stm32cube.ide.mcu.externaltools.gnu-tools-for-stm32.7-2018-q2-update.win32_1.4.0.202007081208/tools/bin/../lib/gcc/arm-none-eabi/7.3.1/../../../../arm-none-eabi/lib/thumb/v7e-m/fpv4-sp/hard\libc_nano.a(lib_a-nano-vfprintf_float.o)
                0x0000000008009598                __cvt
 .text.__exponent
                0x000000000800965a       0x66 c:/st/stm32cubeide_1.4.0/stm32cubeide/plugins/com.st.stm32cube.ide.mcu.externaltools.gnu-tools-for-stm32.7-2018-q2-update.win32_1.4.0.202007081208/tools/bin/../lib/gcc/arm-none-eabi/7.3.1/../../../../arm-none-eabi/lib/thumb/v7e-m/fpv4-sp/hard\libc_nano.a(lib_a-nano-vfprintf_float.o)
                0x000000000800965a                __exponent
 .text._printf_float
                0x00000000080096c0      0x480 c:/st/stm32cubeide_1.4.0/stm32cubeide/plugins/com.st.stm32cube.ide.mcu.externaltools.gnu-tools-for-stm32.7-2018-q2-update.win32_1.4.0.202007081208/tools/bin/../lib/gcc/arm-none-eabi/7.3.1/../../../../arm-none-eabi/lib/thumb/v7e-m/fpv4-sp/hard\libc_nano.a(lib_a-nano-vfprintf_float.o)
                0x00000000080096c0                _printf_float
 .text._printf_common
                0x0000000008009b40       0xea c:/st/stm32cubeide_1.4.0/stm32cubeide/plugins/com.st.stm32cube.ide.mcu.externaltools.gnu-tools-for-stm32.7-2018-q2-update.win32_1.4.0.202007081208/tools/bin/../lib/gcc/arm-none-eabi/7.3.1/../../../../arm-none-eabi/lib/thumb/v7e-m/fpv4-sp/hard\libc_nano.a(lib_a-nano-vfprintf_i.o)
                0x0000000008009b40                _printf_common
 *fill*         0x0000000008009c2a        0x2 
 .text._printf_i
                0x0000000008009c2c      0x224 c:/st/stm32cubeide_1.4.0/stm32cubeide/plugins/com.st.stm32cube.ide.mcu.externaltools.gnu-tools-for-stm32.7-2018-q2-update.win32_1.4.0.202007081208/tools/bin/../lib/gcc/arm-none-eabi/7.3.1/../../../../arm-none-eabi/lib/thumb/v7e-m/fpv4-sp/hard\libc_nano.a(lib_a-nano-vfprintf_i.o)
                0x0000000008009c2c                _printf_i
 .text.snprintf
                0x0000000008009e50       0x68 c:/st/stm32cubeide_1.4.0/stm32cubeide/plugins/com.st.stm32cube.ide.mcu.externaltools.gnu-tools-for-stm32.7-2018-q2-update.win32_1.4.0.202007081208/tools/bin/../lib/gcc/arm-none-eabi/7.3.1/../../../../arm-none-eabi/lib/thumb/v7e-m/fpv4-sp/hard\libc_nano.a(lib_a-snprintf.o)
                0x0000000008009e50                sniprintf
                0x0000000008009e50                snprintf
 .text.quorem   0x0000000008009eb8      0x118 c:/st/stm32cubeide_1.4.0/stm32cubeide/plugins/com.st.stm32cube.ide.mcu.externaltools.gnu-tools-for-stm32.7-2018-q2-update.win32_1.4.0.202007081208/tools/bin/../lib/gcc/arm-none-eabi/7.3.1/../../../../arm-none-eabi/lib/thumb/v7e-m/fpv4-sp/hard\libc_nano.a(lib_a-dtoa.o)
 .text._dtoa_r  0x0000000008009fd0      0xb70 c:/st/stm32cubeide_1.4.0/stm32cubeide/plugins/com.st.stm32cube.ide.mcu.externaltools.gnu-tools-for-stm32.7-2018-q2-update.win32_1.4.0.202007081208/tools/bin/../lib/gcc/arm-none-eabi/7.3.1/../../../../arm-none-eabi/lib/thumb/v7e-m/fpv4-sp/hard\libc_nano.a(lib_a-dtoa.o)
                0x0000000008009fd0                _dtoa_r
 .text._localeconv_r
                0x000000000800ab40       0x1c c:/st/stm32cubeide_1.4.0/stm32cubeide/plugins/com.st.stm32cube.ide.mcu.externaltools.gnu-tools-for-stm32.7-2018-q2-update.win32_1.4.0.202007081208/tools/bin/../lib/gcc/arm-none-eabi/7.3.1/../../../../arm-none-eabi/lib/thumb/v7e-m/fpv4-sp/hard\libc_nano.a(lib_a-localeconv.o)
                0x000000000800ab40                _localeconv_r
 .text.malloc   0x000000000800ab5c       0x10 c:/st/stm32cubeide_1.4.0/stm32cubeide/plugins/com.st.stm32cube.ide.mcu.externaltools.gnu-tools-for-stm32.7-2018-q2-update.win32_1.4.0.202007081208/tools/bin/../lib/gcc/arm-none-eabi/7.3.1/../../../../arm-none-eabi/lib/thumb/v7e-m/fpv4-sp/hard\libc_nano.a(lib_a-malloc.o)
                0x000000000800ab5c                malloc
 .text.memcpy   0x000000000800ab6c       0x16 c:/st/stm32cubeide_1.4.0/stm32cubeide/plugins/com.st.stm32cube.ide.mcu.externaltools.gnu-tools-for-stm32.7-2018-q2-update.win32_1.4.0.202007081208/tools/bin/../lib/gcc/arm-none-eabi/7.3.1/../../../../arm-none-eabi/lib/thumb/v7e-m/fpv4-sp/hard\libc_nano.a(lib_a-memcpy-stub.o)
                0x000000000800ab6c                memcpy
 .text._Balloc  0x000000000800ab82       0x68 c:/st/stm32cubeide_1.4.0/stm32cubeide/plugins/com.st.stm32cube.ide.mcu.externaltools.gnu-tools-for-stm32.7-2018-q2-update.win32_1.4.0.202007081208/tools/bin/../lib/gcc/arm-none-eabi/7.3.1/../../../../arm-none-eabi/lib/thumb/v7e-m/fpv4-sp/hard\libc_nano.a(lib_a-mprec.o)
                0x000000000800ab82                _Balloc
 .text._Bfree   0x000000000800abea       0x2e c:/st/stm32cubeide_1.4.0/stm32cubeide/plugins/com.st.stm32cube.ide.mcu.externaltools.gnu-tools-for-stm32.7-2018-q2-update.win32_1.4.0.202007081208/tools/bin/../lib/gcc/arm-none-eabi/7.3.1/../../../../arm-none-eabi/lib/thumb/v7e-m/fpv4-sp/hard\libc_nano.a(lib_a-mprec.o)
                0x000000000800abea                _Bfree
 .text.__multadd
                0x000000000800ac18       0x76 c:/st/stm32cubeide_1.4.0/stm32cubeide/plugins/com.st.stm32cube.ide.mcu.externaltools.gnu-tools-for-stm32.7-2018-q2-update.win32_1.4.0.202007081208/tools/bin/../lib/gcc/arm-none-eabi/7.3.1/../../../../arm-none-eabi/lib/thumb/v7e-m/fpv4-sp/hard\libc_nano.a(lib_a-mprec.o)
                0x000000000800ac18                __multadd
 .text.__hi0bits
                0x000000000800ac8e       0x3e c:/st/stm32cubeide_1.4.0/stm32cubeide/plugins/com.st.stm32cube.ide.mcu.externaltools.gnu-tools-for-stm32.7-2018-q2-update.win32_1.4.0.202007081208/tools/bin/../lib/gcc/arm-none-eabi/7.3.1/../../../../arm-none-eabi/lib/thumb/v7e-m/fpv4-sp/hard\libc_nano.a(lib_a-mprec.o)
                0x000000000800ac8e                __hi0bits
 .text.__lo0bits
                0x000000000800accc       0x5e c:/st/stm32cubeide_1.4.0/stm32cubeide/plugins/com.st.stm32cube.ide.mcu.externaltools.gnu-tools-for-stm32.7-2018-q2-update.win32_1.4.0.202007081208/tools/bin/../lib/gcc/arm-none-eabi/7.3.1/../../../../arm-none-eabi/lib/thumb/v7e-m/fpv4-sp/hard\libc_nano.a(lib_a-mprec.o)
                0x000000000800accc                __lo0bits
 .text.__i2b    0x000000000800ad2a       0x12 c:/st/stm32cubeide_1.4.0/stm32cubeide/plugins/com.st.stm32cube.ide.mcu.externaltools.gnu-tools-for-stm32.7-2018-q2-update.win32_1.4.0.202007081208/tools/bin/../lib/gcc/arm-none-eabi/7.3.1/../../../../arm-none-eabi/lib/thumb/v7e-m/fpv4-sp/hard\libc_nano.a(lib_a-mprec.o)
                0x000000000800ad2a                __i2b
 .text.__multiply
                0x000000000800ad3c      0x12c c:/st/stm32cubeide_1.4.0/stm32cubeide/plugins/com.st.stm32cube.ide.mcu.externaltools.gnu-tools-for-stm32.7-2018-q2-update.win32_1.4.0.202007081208/tools/bin/../lib/gcc/arm-none-eabi/7.3.1/../../../../arm-none-eabi/lib/thumb/v7e-m/fpv4-sp/hard\libc_nano.a(lib_a-mprec.o)
                0x000000000800ad3c                __multiply
 .text.__pow5mult
                0x000000000800ae68       0x9c c:/st/stm32cubeide_1.4.0/stm32cubeide/plugins/com.st.stm32cube.ide.mcu.externaltools.gnu-tools-for-stm32.7-2018-q2-update.win32_1.4.0.202007081208/tools/bin/../lib/gcc/arm-none-eabi/7.3.1/../../../../arm-none-eabi/lib/thumb/v7e-m/fpv4-sp/hard\libc_nano.a(lib_a-mprec.o)
                0x000000000800ae68                __pow5mult
 .text.__lshift
                0x000000000800af04       0xa8 c:/st/stm32cubeide_1.4.0/stm32cubeide/plugins/com.st.stm32cube.ide.mcu.externaltools.gnu-tools-for-stm32.7-2018-q2-update.win32_1.4.0.202007081208/tools/bin/../lib/gcc/arm-none-eabi/7.3.1/../../../../arm-none-eabi/lib/thumb/v7e-m/fpv4-sp/hard\libc_nano.a(lib_a-mprec.o)
                0x000000000800af04                __lshift
 .text.__mcmp   0x000000000800afac       0x34 c:/st/stm32cubeide_1.4.0/stm32cubeide/plugins/com.st.stm32cube.ide.mcu.externaltools.gnu-tools-for-stm32.7-2018-q2-update.win32_1.4.0.202007081208/tools/bin/../lib/gcc/arm-none-eabi/7.3.1/../../../../arm-none-eabi/lib/thumb/v7e-m/fpv4-sp/hard\libc_nano.a(lib_a-mprec.o)
                0x000000000800afac                __mcmp
 .text.__mdiff  0x000000000800afe0       0xba c:/st/stm32cubeide_1.4.0/stm32cubeide/plugins/com.st.stm32cube.ide.mcu.externaltools.gnu-tools-for-stm32.7-2018-q2-update.win32_1.4.0.202007081208/tools/bin/../lib/gcc/arm-none-eabi/7.3.1/../../../../arm-none-eabi/lib/thumb/v7e-m/fpv4-sp/hard\libc_nano.a(lib_a-mprec.o)
                0x000000000800afe0                __mdiff
 .text.__d2b    0x000000000800b09a       0x9e c:/st/stm32cubeide_1.4.0/stm32cubeide/plugins/com.st.stm32cube.ide.mcu.externaltools.gnu-tools-for-stm32.7-2018-q2-update.win32_1.4.0.202007081208/tools/bin/../lib/gcc/arm-none-eabi/7.3.1/../../../../arm-none-eabi/lib/thumb/v7e-m/fpv4-sp/hard\libc_nano.a(lib_a-mprec.o)
                0x000000000800b09a                __d2b
 .text._calloc_r
                0x000000000800b138       0x1c c:/st/stm32cubeide_1.4.0/stm32cubeide/plugins/com.st.stm32cube.ide.mcu.externaltools.gnu-tools-for-stm32.7-2018-q2-update.win32_1.4.0.202007081208/tools/bin/../lib/gcc/arm-none-eabi/7.3.1/../../../../arm-none-eabi/lib/thumb/v7e-m/fpv4-sp/hard\libc_nano.a(lib_a-nano-callocr.o)
                0x000000000800b138                _calloc_r
 .text._free_r  0x000000000800b154       0x9c c:/st/stm32cubeide_1.4.0/stm32cubeide/plugins/com.st.stm32cube.ide.mcu.externaltools.gnu-tools-for-stm32.7-2018-q2-update.win32_1.4.0.202007081208/tools/bin/../lib/gcc/arm-none-eabi/7.3.1/../../../../arm-none-eabi/lib/thumb/v7e-m/fpv4-sp/hard\libc_nano.a(lib_a-nano-freer.o)
                0x000000000800b154                _free_r
 .text._malloc_r
                0x000000000800b1f0       0xb4 c:/st/stm32cubeide_1.4.0/stm32cubeide/plugins/com.st.stm32cube.ide.mcu.externaltools.gnu-tools-for-stm32.7-2018-q2-update.win32_1.4.0.202007081208/tools/bin/../lib/gcc/arm-none-eabi/7.3.1/../../../../arm-none-eabi/lib/thumb/v7e-m/fpv4-sp/hard\libc_nano.a(lib_a-nano-mallocr.o)
                0x000000000800b1f0                _malloc_r
 .text.__ssputs_r
                0x000000000800b2a4       0xb4 c:/st/stm32cubeide_1.4.0/stm32cubeide/plugins/com.st.stm32cube.ide.mcu.externaltools.gnu-tools-for-stm32.7-2018-q2-update.win32_1.4.0.202007081208/tools/bin/../lib/gcc/arm-none-eabi/7.3.1/../../../../arm-none-eabi/lib/thumb/v7e-m/fpv4-sp/hard\libc_nano.a(lib_a-nano-svfprintf.o)
                0x000000000800b2a4                __ssputs_r
 .text._svfprintf_r
                0x000000000800b358      0x1f0 c:/st/stm32cubeide_1.4.0/stm32cubeide/plugins/com.st.stm32cube.ide.mcu.externaltools.gnu-tools-for-stm32.7-2018-q2-update.win32_1.4.0.202007081208/tools/bin/../lib/gcc/arm-none-eabi/7.3.1/../../../../arm-none-eabi/lib/thumb/v7e-m/fpv4-sp/hard\libc_nano.a(lib_a-nano-svfprintf.o)
                0x000000000800b358                _svfiprintf_r
                0x000000000800b358                _svfprintf_r
 .text._sbrk_r  0x000000000800b548       0x20 c:/st/stm32cubeide_1.4.0/stm32cubeide/plugins/com.st.stm32cube.ide.mcu.externaltools.gnu-tools-for-stm32.7-2018-q2-update.win32_1.4.0.202007081208/tools/bin/../lib/gcc/arm-none-eabi/7.3.1/../../../../arm-none-eabi/lib/thumb/v7e-m/fpv4-sp/hard\libc_nano.a(lib_a-sbrkr.o)
                0x000000000800b548                _sbrk_r
 .text.__ascii_mbtowc
                0x000000000800b568       0x24 c:/st/stm32cubeide_1.4.0/stm32cubeide/plugins/com.st.stm32cube.ide.mcu.externaltools.gnu-tools-for-stm32.7-2018-q2-update.win32_1.4.0.202007081208/tools/bin/../lib/gcc/arm-none-eabi/7.3.1/../../../../arm-none-eabi/lib/thumb/v7e-m/fpv4-sp/hard\libc_nano.a(lib_a-mbtowc_r.o)
                0x000000000800b568                __ascii_mbtowc
 .text.memmove  0x000000000800b58c       0x32 c:/st/stm32cubeide_1.4.0/stm32cubeide/plugins/com.st.stm32cube.ide.mcu.externaltools.gnu-tools-for-stm32.7-2018-q2-update.win32_1.4.0.202007081208/tools/bin/../lib/gcc/arm-none-eabi/7.3.1/../../../../arm-none-eabi/lib/thumb/v7e-m/fpv4-sp/hard\libc_nano.a(lib_a-memmove.o)
                0x000000000800b58c                memmove
 .text.__malloc_lock
                0x000000000800b5be        0x2 c:/st/stm32cubeide_1.4.0/stm32cubeide/plugins/com.st.stm32cube.ide.mcu.externaltools.gnu-tools-for-stm32.7-2018-q2-update.win32_1.4.0.202007081208/tools/bin/../lib/gcc/arm-none-eabi/7.3.1/../../../../arm-none-eabi/lib/thumb/v7e-m/fpv4-sp/hard\libc_nano.a(lib_a-mlock.o)
                0x000000000800b5be                __malloc_lock
 .text.__malloc_unlock
                0x000000000800b5c0        0x2 c:/st/stm32cubeide_1.4.0/stm32cubeide/plugins/com.st.stm32cube.ide.mcu.externaltools.gnu-tools-for-stm32.7-2018-q2-update.win32_1.4.0.202007081208/tools/bin/../lib/gcc/arm-none-eabi/7.3.1/../../../../arm-none-eabi/lib/thumb/v7e-m/fpv4-sp/hard\libc_nano.a(lib_a-mlock.o)
                0x000000000800b5c0                __malloc_unlock
 .text._realloc_r
                0x000000000800b5c2       0x4c c:/st/stm32cubeide_1.4.0/stm32cubeide/plugins/com.st.stm32cube.ide.mcu.externaltools.gnu-tools-for-stm32.7-2018-q2-update.win32_1.4.0.202007081208/tools/bin/../lib/gcc/arm-none-eabi/7.3.1/../../../../arm-none-eabi/lib/thumb/v7e-m/fpv4-sp/hard\libc_nano.a(lib_a-nano-reallocr.o)
                0x000000000800b5c2                _realloc_r
 .text.__ascii_wctomb
                0x000000000800b60e       0x1a c:/st/stm32cubeide_1.4.0/stm32cubeide/plugins/com.st.stm32cube.ide.mcu.externaltools.gnu-tools-for-stm32.7-2018-q2-update.win32_1.4.0.202007081208/tools/bin/../lib/gcc/arm-none-eabi/7.3.1/../../../../arm-none-eabi/lib/thumb/v7e-m/fpv4-sp/hard\libc_nano.a(lib_a-wctomb_r.o)
                0x000000000800b60e                __ascii_wctomb
 .text._malloc_usable_size_r
                0x000000000800b628       0x10 c:/st/stm32cubeide_1.4.0/stm32cubeide/plugins/com.st.stm32cube.ide.mcu.externaltools.gnu-tools-for-stm32.7-2018-q2-update.win32_1.4.0.202007081208/tools/bin/../lib/gcc/arm-none-eabi/7.3.1/../../../../arm-none-eabi/lib/thumb/v7e-m/fpv4-sp/hard\libc_nano.a(lib_a-nano-msizer.o)
                0x000000000800b628                _malloc_usable_size_r
 *(.glue_7)
 .glue_7        0x000000000800b638        0x0 linker stubs
 *(.glue_7t)
 .glue_7t       0x000000000800b638        0x0 linker stubs
 *(.eh_frame)
 .eh_frame      0x000000000800b638        0x0 c:/st/stm32cubeide_1.4.0/stm32cubeide/plugins/com.st.stm32cube.ide.mcu.externaltools.gnu-tools-for-stm32.7-2018-q2-update.win32_1.4.0.202007081208/tools/bin/../lib/gcc/arm-none-eabi/7.3.1/thumb/v7e-m/fpv4-sp/hard/crtbegin.o
 *(.init)
 .init          0x000000000800b638        0x4 c:/st/stm32cubeide_1.4.0/stm32cubeide/plugins/com.st.stm32cube.ide.mcu.externaltools.gnu-tools-for-stm32.7-2018-q2-update.win32_1.4.0.202007081208/tools/bin/../lib/gcc/arm-none-eabi/7.3.1/thumb/v7e-m/fpv4-sp/hard/crti.o
                0x000000000800b638                _init
 .init          0x000000000800b63c        0x8 c:/st/stm32cubeide_1.4.0/stm32cubeide/plugins/com.st.stm32cube.ide.mcu.externaltools.gnu-tools-for-stm32.7-2018-q2-update.win32_1.4.0.202007081208/tools/bin/../lib/gcc/arm-none-eabi/7.3.1/thumb/v7e-m/fpv4-sp/hard/crtn.o
 *(.fini)
 .fini          0x000000000800b644        0x4 c:/st/stm32cubeide_1.4.0/stm32cubeide/plugins/com.st.stm32cube.ide.mcu.externaltools.gnu-tools-for-stm32.7-2018-q2-update.win32_1.4.0.202007081208/tools/bin/../lib/gcc/arm-none-eabi/7.3.1/thumb/v7e-m/fpv4-sp/hard/crti.o
                0x000000000800b644                _fini
 .fini          0x000000000800b648        0x8 c:/st/stm32cubeide_1.4.0/stm32cubeide/plugins/com.st.stm32cube.ide.mcu.externaltools.gnu-tools-for-stm32.7-2018-q2-update.win32_1.4.0.202007081208/tools/bin/../lib/gcc/arm-none-eabi/7.3.1/thumb/v7e-m/fpv4-sp/hard/crtn.o
                0x000000000800b650                . = ALIGN (0x4)
                0x000000000800b650                _etext = .

.vfp11_veneer   0x000000000800b650        0x0
 .vfp11_veneer  0x000000000800b650        0x0 linker stubs

.v4_bx          0x000000000800b650        0x0
 .v4_bx         0x000000000800b650        0x0 linker stubs

.iplt           0x000000000800b650        0x0
 .iplt          0x000000000800b650        0x0 c:/st/stm32cubeide_1.4.0/stm32cubeide/plugins/com.st.stm32cube.ide.mcu.externaltools.gnu-tools-for-stm32.7-2018-q2-update.win32_1.4.0.202007081208/tools/bin/../lib/gcc/arm-none-eabi/7.3.1/thumb/v7e-m/fpv4-sp/hard/crtbegin.o

.rodata         0x000000000800b650      0x2b0
                0x000000000800b650                . = ALIGN (0x4)
 *(.rodata)
 .rodata        0x000000000800b650       0x37 lib/lib_ke_protocol/src/lib_ke_protocol.o
 *(.rodata*)
 *fill*         0x000000000800b687        0x1 
 .rodata.AHBPrescTable
                0x000000000800b688       0x10 Core/Src/system_stm32f4xx.o
                0x000000000800b688                AHBPrescTable
 .rodata.APBPrescTable
                0x000000000800b698        0x8 Core/Src/system_stm32f4xx.o
                0x000000000800b698                APBPrescTable
 .rodata._printf_float.str1.1
                0x000000000800b6a0       0x12 c:/st/stm32cubeide_1.4.0/stm32cubeide/plugins/com.st.stm32cube.ide.mcu.externaltools.gnu-tools-for-stm32.7-2018-q2-update.win32_1.4.0.202007081208/tools/bin/../lib/gcc/arm-none-eabi/7.3.1/../../../../arm-none-eabi/lib/thumb/v7e-m/fpv4-sp/hard\libc_nano.a(lib_a-nano-vfprintf_float.o)
 .rodata._printf_i.str1.1
                0x000000000800b6b2       0x22 c:/st/stm32cubeide_1.4.0/stm32cubeide/plugins/com.st.stm32cube.ide.mcu.externaltools.gnu-tools-for-stm32.7-2018-q2-update.win32_1.4.0.202007081208/tools/bin/../lib/gcc/arm-none-eabi/7.3.1/../../../../arm-none-eabi/lib/thumb/v7e-m/fpv4-sp/hard\libc_nano.a(lib_a-nano-vfprintf_i.o)
 .rodata._dtoa_r.str1.1
                0x000000000800b6d4        0xd c:/st/stm32cubeide_1.4.0/stm32cubeide/plugins/com.st.stm32cube.ide.mcu.externaltools.gnu-tools-for-stm32.7-2018-q2-update.win32_1.4.0.202007081208/tools/bin/../lib/gcc/arm-none-eabi/7.3.1/../../../../arm-none-eabi/lib/thumb/v7e-m/fpv4-sp/hard\libc_nano.a(lib_a-dtoa.o)
                                          0xf (size before relaxing)
 *fill*         0x000000000800b6e1        0x7 
 .rodata.__mprec_bigtens
                0x000000000800b6e8       0x28 c:/st/stm32cubeide_1.4.0/stm32cubeide/plugins/com.st.stm32cube.ide.mcu.externaltools.gnu-tools-for-stm32.7-2018-q2-update.win32_1.4.0.202007081208/tools/bin/../lib/gcc/arm-none-eabi/7.3.1/../../../../arm-none-eabi/lib/thumb/v7e-m/fpv4-sp/hard\libc_nano.a(lib_a-mprec.o)
                0x000000000800b6e8                __mprec_bigtens
 .rodata.__mprec_tens
                0x000000000800b710       0xc8 c:/st/stm32cubeide_1.4.0/stm32cubeide/plugins/com.st.stm32cube.ide.mcu.externaltools.gnu-tools-for-stm32.7-2018-q2-update.win32_1.4.0.202007081208/tools/bin/../lib/gcc/arm-none-eabi/7.3.1/../../../../arm-none-eabi/lib/thumb/v7e-m/fpv4-sp/hard\libc_nano.a(lib_a-mprec.o)
                0x000000000800b710                __mprec_tens
 .rodata.p05.7359
                0x000000000800b7d8        0xc c:/st/stm32cubeide_1.4.0/stm32cubeide/plugins/com.st.stm32cube.ide.mcu.externaltools.gnu-tools-for-stm32.7-2018-q2-update.win32_1.4.0.202007081208/tools/bin/../lib/gcc/arm-none-eabi/7.3.1/../../../../arm-none-eabi/lib/thumb/v7e-m/fpv4-sp/hard\libc_nano.a(lib_a-mprec.o)
 .rodata._svfprintf_r.str1.1
                0x000000000800b7e4       0x11 c:/st/stm32cubeide_1.4.0/stm32cubeide/plugins/com.st.stm32cube.ide.mcu.externaltools.gnu-tools-for-stm32.7-2018-q2-update.win32_1.4.0.202007081208/tools/bin/../lib/gcc/arm-none-eabi/7.3.1/../../../../arm-none-eabi/lib/thumb/v7e-m/fpv4-sp/hard\libc_nano.a(lib_a-nano-svfprintf.o)
 .rodata._setlocale_r.str1.1
                0x000000000800b7f5        0x8 c:/st/stm32cubeide_1.4.0/stm32cubeide/plugins/com.st.stm32cube.ide.mcu.externaltools.gnu-tools-for-stm32.7-2018-q2-update.win32_1.4.0.202007081208/tools/bin/../lib/gcc/arm-none-eabi/7.3.1/../../../../arm-none-eabi/lib/thumb/v7e-m/fpv4-sp/hard\libc_nano.a(lib_a-locale.o)
                                          0x9 (size before relaxing)
 .rodata.str1.1
                0x000000000800b7fd        0x2 c:/st/stm32cubeide_1.4.0/stm32cubeide/plugins/com.st.stm32cube.ide.mcu.externaltools.gnu-tools-for-stm32.7-2018-q2-update.win32_1.4.0.202007081208/tools/bin/../lib/gcc/arm-none-eabi/7.3.1/../../../../arm-none-eabi/lib/thumb/v7e-m/fpv4-sp/hard\libc_nano.a(lib_a-locale.o)
 .rodata._ctype_
                0x000000000800b7ff      0x101 c:/st/stm32cubeide_1.4.0/stm32cubeide/plugins/com.st.stm32cube.ide.mcu.externaltools.gnu-tools-for-stm32.7-2018-q2-update.win32_1.4.0.202007081208/tools/bin/../lib/gcc/arm-none-eabi/7.3.1/../../../../arm-none-eabi/lib/thumb/v7e-m/fpv4-sp/hard\libc_nano.a(lib_a-ctype_.o)
                0x000000000800b7ff                _ctype_
                0x000000000800b900                . = ALIGN (0x4)

.ARM.extab      0x000000000800b900        0x0
                0x000000000800b900                . = ALIGN (0x4)
 *(.ARM.extab* .gnu.linkonce.armextab.*)
                0x000000000800b900                . = ALIGN (0x4)

.ARM            0x000000000800b900        0x8
                0x000000000800b900                . = ALIGN (0x4)
                0x000000000800b900                __exidx_start = .
 *(.ARM.exidx*)
 .ARM.exidx     0x000000000800b900        0x8 c:/st/stm32cubeide_1.4.0/stm32cubeide/plugins/com.st.stm32cube.ide.mcu.externaltools.gnu-tools-for-stm32.7-2018-q2-update.win32_1.4.0.202007081208/tools/bin/../lib/gcc/arm-none-eabi/7.3.1/thumb/v7e-m/fpv4-sp/hard\libgcc.a(_udivmoddi4.o)
                0x000000000800b908                __exidx_end = .
                0x000000000800b908                . = ALIGN (0x4)

.rel.dyn        0x000000000800b908        0x0
 .rel.iplt      0x000000000800b908        0x0 c:/st/stm32cubeide_1.4.0/stm32cubeide/plugins/com.st.stm32cube.ide.mcu.externaltools.gnu-tools-for-stm32.7-2018-q2-update.win32_1.4.0.202007081208/tools/bin/../lib/gcc/arm-none-eabi/7.3.1/thumb/v7e-m/fpv4-sp/hard/crtbegin.o

.preinit_array  0x000000000800b908        0x0
                0x000000000800b908                . = ALIGN (0x4)
                0x000000000800b908                PROVIDE (__preinit_array_start = .)
 *(.preinit_array*)
                0x000000000800b908                PROVIDE (__preinit_array_end = .)
                0x000000000800b908                . = ALIGN (0x4)

.init_array     0x000000000800b908        0x4
                0x000000000800b908                . = ALIGN (0x4)
                0x000000000800b908                PROVIDE (__init_array_start = .)
 *(SORT_BY_NAME(.init_array.*))
 *(.init_array*)
 .init_array    0x000000000800b908        0x4 c:/st/stm32cubeide_1.4.0/stm32cubeide/plugins/com.st.stm32cube.ide.mcu.externaltools.gnu-tools-for-stm32.7-2018-q2-update.win32_1.4.0.202007081208/tools/bin/../lib/gcc/arm-none-eabi/7.3.1/thumb/v7e-m/fpv4-sp/hard/crtbegin.o
                0x000000000800b90c                PROVIDE (__init_array_end = .)
                0x000000000800b90c                . = ALIGN (0x4)

.fini_array     0x000000000800b90c        0x4
                0x000000000800b90c                . = ALIGN (0x4)
                [!provide]                        PROVIDE (__fini_array_start = .)
 *(SORT_BY_NAME(.fini_array.*))
 *(.fini_array*)
 .fini_array    0x000000000800b90c        0x4 c:/st/stm32cubeide_1.4.0/stm32cubeide/plugins/com.st.stm32cube.ide.mcu.externaltools.gnu-tools-for-stm32.7-2018-q2-update.win32_1.4.0.202007081208/tools/bin/../lib/gcc/arm-none-eabi/7.3.1/thumb/v7e-m/fpv4-sp/hard/crtbegin.o
                [!provide]                        PROVIDE (__fini_array_end = .)
                0x000000000800b910                . = ALIGN (0x4)
                0x000000000800b910                _sidata = LOADADDR (.data)

.data           0x0000000020000000      0x204 load address 0x000000000800b910
                0x0000000020000000                . = ALIGN (0x4)
                0x0000000020000000                _sdata = .
 *(.data)
 *(.data*)
 .data.SystemCoreClock
                0x0000000020000000        0x4 Core/Src/system_stm32f4xx.o
                0x0000000020000000                SystemCoreClock
 .data.uwTickPrio
                0x0000000020000004        0x4 Drivers/STM32F4xx_HAL_Driver/Src/stm32f4xx_hal.o
                0x0000000020000004                uwTickPrio
 .data.uwTickFreq
                0x0000000020000008        0x1 Drivers/STM32F4xx_HAL_Driver/Src/stm32f4xx_hal.o
                0x0000000020000008                uwTickFreq
 *fill*         0x0000000020000009        0x3 
 .data.gauge_brightness_req
                0x000000002000000c       0x14 lib/lib_digital_dash/src/lib_digital_dash.o
 .data.Set_Brightness
                0x0000000020000020        0x1 lib/lib_digital_dash/src/lib_digital_dash.o
 *fill*         0x0000000020000021        0x3 
 .data.digitaldash_app_wtchdg
                0x0000000020000024        0x4 lib/lib_digital_dash/src/lib_digital_dash.o
 .data.digitaldash_bklt_wtchdg
                0x0000000020000028        0x4 lib/lib_digital_dash/src/lib_digital_dash.o
 .data.flow_control_frame
                0x000000002000002c        0x8 lib/lib_obdii/src/lib_obdii.o
 .data._impure_ptr
                0x0000000020000034        0x4 c:/st/stm32cubeide_1.4.0/stm32cubeide/plugins/com.st.stm32cube.ide.mcu.externaltools.gnu-tools-for-stm32.7-2018-q2-update.win32_1.4.0.202007081208/tools/bin/../lib/gcc/arm-none-eabi/7.3.1/../../../../arm-none-eabi/lib/thumb/v7e-m/fpv4-sp/hard\libc_nano.a(lib_a-impure.o)
                0x0000000020000034                _impure_ptr
 .data.impure_data
                0x0000000020000038       0x60 c:/st/stm32cubeide_1.4.0/stm32cubeide/plugins/com.st.stm32cube.ide.mcu.externaltools.gnu-tools-for-stm32.7-2018-q2-update.win32_1.4.0.202007081208/tools/bin/../lib/gcc/arm-none-eabi/7.3.1/../../../../arm-none-eabi/lib/thumb/v7e-m/fpv4-sp/hard\libc_nano.a(lib_a-impure.o)
 .data.__global_locale
                0x0000000020000098      0x16c c:/st/stm32cubeide_1.4.0/stm32cubeide/plugins/com.st.stm32cube.ide.mcu.externaltools.gnu-tools-for-stm32.7-2018-q2-update.win32_1.4.0.202007081208/tools/bin/../lib/gcc/arm-none-eabi/7.3.1/../../../../arm-none-eabi/lib/thumb/v7e-m/fpv4-sp/hard\libc_nano.a(lib_a-locale.o)
                0x0000000020000098                __global_locale
                0x0000000020000204                . = ALIGN (0x4)
                0x0000000020000204                _edata = .

.igot.plt       0x0000000020000204        0x0 load address 0x000000000800bb14
 .igot.plt      0x0000000020000204        0x0 c:/st/stm32cubeide_1.4.0/stm32cubeide/plugins/com.st.stm32cube.ide.mcu.externaltools.gnu-tools-for-stm32.7-2018-q2-update.win32_1.4.0.202007081208/tools/bin/../lib/gcc/arm-none-eabi/7.3.1/thumb/v7e-m/fpv4-sp/hard/crtbegin.o
                0x0000000020000204                . = ALIGN (0x4)

.bss            0x0000000020000204      0x7d8 load address 0x000000000800bb14
                0x0000000020000204                _sbss = .
                0x0000000020000204                __bss_start__ = _sbss
 *(.bss)
 .bss           0x0000000020000204       0x1c c:/st/stm32cubeide_1.4.0/stm32cubeide/plugins/com.st.stm32cube.ide.mcu.externaltools.gnu-tools-for-stm32.7-2018-q2-update.win32_1.4.0.202007081208/tools/bin/../lib/gcc/arm-none-eabi/7.3.1/thumb/v7e-m/fpv4-sp/hard/crtbegin.o
 *(.bss*)
 .bss.rx_byte   0x0000000020000220        0x1 Core/Src/main.o
 *fill*         0x0000000020000221        0x3 
 .bss.LED1_Tick
                0x0000000020000224        0x4 Core/Src/main.o
 .bss.LED2_Tick
                0x0000000020000228        0x4 Core/Src/main.o
 .bss.LED3_Tick
                0x000000002000022c        0x4 Core/Src/main.o
 .bss.Sys_Tick  0x0000000020000230        0x4 Core/Src/main.o
 .bss.CAN_Filter_Count
                0x0000000020000234        0x1 Core/Src/main.o
 .bss.gpio_LCD_override
                0x0000000020000235        0x1 Core/Src/main.o
 *fill*         0x0000000020000236        0x2 
 .bss.can_tx_mailbox_status
                0x0000000020000238        0x4 Core/Src/main.o
                0x0000000020000238                can_tx_mailbox_status
 .bss.can_rx_mailbox_status
                0x000000002000023c        0x4 Core/Src/main.o
                0x000000002000023c                can_rx_mailbox_status
 .bss.system_flags
                0x0000000020000240        0x4 Core/Src/main.o
 .bss.heap_end.6424
                0x0000000020000244        0x4 Core/Src/sysmem.o
 .bss.sniffer_tick
                0x0000000020000248        0x4 lib/lib_can_bus_sniffer/src/lib_can_bus_sniffer.o
                0x0000000020000248                sniffer_tick
 .bss.num_pids  0x000000002000024c        0x4 lib/lib_digital_dash/src/lib_digital_dash.o
 .bss.stream    0x0000000020000250      0x1f4 lib/lib_digital_dash/src/lib_digital_dash.o
 .bss.app_flags
                0x0000000020000444        0x4 lib/lib_digital_dash/src/lib_digital_dash.o
 .bss.state     0x0000000020000448        0x1 lib/lib_digital_dash/src/lib_digital_dash.o
 *fill*         0x0000000020000449        0x3 
 .bss.rasp_pi   0x000000002000044c      0x174 lib/lib_digital_dash/src/lib_digital_dash.o
 .bss.obdii     0x00000000200005c0      0x100 lib/lib_digital_dash/src/lib_digital_dash.o
 .bss.sniffer   0x00000000200006c0       0x6c lib/lib_digital_dash/src/lib_digital_dash.o
 .bss.gauge_brightness
                0x000000002000072c        0x4 lib/lib_digital_dash/src/lib_digital_dash.o
 .bss.Brightness
                0x0000000020000730        0x1 lib/lib_digital_dash/src/lib_digital_dash.o
 *fill*         0x0000000020000731        0x3 
 .bss.digitaldash_delay
                0x0000000020000734        0x4 lib/lib_digital_dash/src/lib_digital_dash.o
 .bss.tester_present
                0x0000000020000738        0x4 lib/lib_digital_dash/src/lib_digital_dash.o
 .bss.ke_uart_count
                0x000000002000073c        0x4 lib/lib_digital_dash/src/lib_digital_dash.o
 .bss.spoof_count
                0x0000000020000740        0x4 lib/lib_digital_dash/src/lib_digital_dash.o
 .bss.get_sd_card_state
                0x0000000020000744        0x4 lib/lib_digital_dash/src/lib_digital_dash.o
                0x0000000020000744                get_sd_card_state
 .bss.ke_tx     0x0000000020000748        0x4 lib/lib_digital_dash/src/lib_digital_dash.o
                0x0000000020000748                ke_tx
 .bss.ecu_tx    0x000000002000074c        0x4 lib/lib_digital_dash/src/lib_digital_dash.o
                0x000000002000074c                ecu_tx
 .bss.set_backlight
                0x0000000020000750        0x4 lib/lib_digital_dash/src/lib_digital_dash.o
                0x0000000020000750                set_backlight
 .bss.fan       0x0000000020000754        0x4 lib/lib_digital_dash/src/lib_digital_dash.o
                0x0000000020000754                fan
 .bss.host      0x0000000020000758        0x4 lib/lib_digital_dash/src/lib_digital_dash.o
                0x0000000020000758                host
 .bss.usb       0x000000002000075c        0x4 lib/lib_digital_dash/src/lib_digital_dash.o
                0x000000002000075c                usb
 .bss.filter    0x0000000020000760        0x4 lib/lib_digital_dash/src/lib_digital_dash.o
                0x0000000020000760                filter
 .bss.ke_tick   0x0000000020000764        0x4 lib/lib_ke_protocol/src/lib_ke_protocol.o
 .bss.obdii_tick
                0x0000000020000768        0x4 lib/lib_obdii/src/lib_obdii.o
                0x0000000020000768                obdii_tick
 .bss.__malloc_free_list
                0x000000002000076c        0x4 c:/st/stm32cubeide_1.4.0/stm32cubeide/plugins/com.st.stm32cube.ide.mcu.externaltools.gnu-tools-for-stm32.7-2018-q2-update.win32_1.4.0.202007081208/tools/bin/../lib/gcc/arm-none-eabi/7.3.1/../../../../arm-none-eabi/lib/thumb/v7e-m/fpv4-sp/hard\libc_nano.a(lib_a-nano-mallocr.o)
                0x000000002000076c                __malloc_free_list
 .bss.__malloc_sbrk_start
                0x0000000020000770        0x4 c:/st/stm32cubeide_1.4.0/stm32cubeide/plugins/com.st.stm32cube.ide.mcu.externaltools.gnu-tools-for-stm32.7-2018-q2-update.win32_1.4.0.202007081208/tools/bin/../lib/gcc/arm-none-eabi/7.3.1/../../../../arm-none-eabi/lib/thumb/v7e-m/fpv4-sp/hard\libc_nano.a(lib_a-nano-mallocr.o)
                0x0000000020000770                __malloc_sbrk_start
 *(COMMON)
 COMMON         0x0000000020000774       0x48 Core/Src/adc.o
                0x0000000020000774                hadc1
 COMMON         0x00000000200007bc       0x28 Core/Src/can.o
                0x00000000200007bc                hcan1
 COMMON         0x00000000200007e4      0x180 Core/Src/tim.o
                0x00000000200007e4                htim8
                0x0000000020000824                htim3
                0x0000000020000864                htim13
                0x00000000200008a4                htim11
                0x00000000200008e4                htim2
                0x0000000020000924                htim14
 COMMON         0x0000000020000964       0x40 Core/Src/usart.o
                0x0000000020000964                huart1
 COMMON         0x00000000200009a4       0x32 lib/lib_can_bus_sniffer/src/lib_can_bus_sniffer.o
                0x00000000200009a4                active_filters
 *fill*         0x00000000200009d6        0x2 
 COMMON         0x00000000200009d8        0x4 c:/st/stm32cubeide_1.4.0/stm32cubeide/plugins/com.st.stm32cube.ide.mcu.externaltools.gnu-tools-for-stm32.7-2018-q2-update.win32_1.4.0.202007081208/tools/bin/../lib/gcc/arm-none-eabi/7.3.1/../../../../arm-none-eabi/lib/thumb/v7e-m/fpv4-sp/hard\libc_nano.a(lib_a-reent.o)
                0x00000000200009d8                errno
                0x00000000200009dc                . = ALIGN (0x4)
                0x00000000200009dc                _ebss = .
                0x00000000200009dc                __bss_end__ = _ebss

._user_heap_stack
                0x00000000200009dc      0x604 load address 0x000000000800bb14
                0x00000000200009e0                . = ALIGN (0x8)
 *fill*         0x00000000200009dc        0x4 
                0x00000000200009e0                PROVIDE (end = .)
                [!provide]                        PROVIDE (_end = .)
                0x0000000020000be0                . = (. + _Min_Heap_Size)
 *fill*         0x00000000200009e0      0x200 
                0x0000000020000fe0                . = (. + _Min_Stack_Size)
 *fill*         0x0000000020000be0      0x400 
                0x0000000020000fe0                . = ALIGN (0x8)

/DISCARD/
 libc.a(*)
 libm.a(*)
 libgcc.a(*)

.ARM.attributes
                0x0000000000000000       0x30
 *(.ARM.attributes)
 .ARM.attributes
                0x0000000000000000       0x22 c:/st/stm32cubeide_1.4.0/stm32cubeide/plugins/com.st.stm32cube.ide.mcu.externaltools.gnu-tools-for-stm32.7-2018-q2-update.win32_1.4.0.202007081208/tools/bin/../lib/gcc/arm-none-eabi/7.3.1/thumb/v7e-m/fpv4-sp/hard/crti.o
 .ARM.attributes
                0x0000000000000022       0x34 c:/st/stm32cubeide_1.4.0/stm32cubeide/plugins/com.st.stm32cube.ide.mcu.externaltools.gnu-tools-for-stm32.7-2018-q2-update.win32_1.4.0.202007081208/tools/bin/../lib/gcc/arm-none-eabi/7.3.1/thumb/v7e-m/fpv4-sp/hard/crtbegin.o
 .ARM.attributes
                0x0000000000000056       0x39 Core/Src/adc.o
 .ARM.attributes
                0x000000000000008f       0x39 Core/Src/can.o
 .ARM.attributes
                0x00000000000000c8       0x39 Core/Src/gpio.o
 .ARM.attributes
                0x0000000000000101       0x39 Core/Src/main.o
 .ARM.attributes
                0x000000000000013a       0x39 Core/Src/stm32f4xx_hal_msp.o
 .ARM.attributes
                0x0000000000000173       0x39 Core/Src/stm32f4xx_it.o
 .ARM.attributes
                0x00000000000001ac       0x39 Core/Src/sysmem.o
 .ARM.attributes
                0x00000000000001e5       0x39 Core/Src/system_stm32f4xx.o
 .ARM.attributes
                0x000000000000021e       0x39 Core/Src/tim.o
 .ARM.attributes
                0x0000000000000257       0x39 Core/Src/usart.o
 .ARM.attributes
                0x0000000000000290       0x21 Core/Startup/startup_stm32f446retx.o
 .ARM.attributes
                0x00000000000002b1       0x39 Drivers/STM32F4xx_HAL_Driver/Src/stm32f4xx_hal.o
 .ARM.attributes
                0x00000000000002ea       0x39 Drivers/STM32F4xx_HAL_Driver/Src/stm32f4xx_hal_adc.o
 .ARM.attributes
                0x0000000000000323       0x39 Drivers/STM32F4xx_HAL_Driver/Src/stm32f4xx_hal_can.o
 .ARM.attributes
                0x000000000000035c       0x39 Drivers/STM32F4xx_HAL_Driver/Src/stm32f4xx_hal_cortex.o
 .ARM.attributes
                0x0000000000000395       0x39 Drivers/STM32F4xx_HAL_Driver/Src/stm32f4xx_hal_dma.o
 .ARM.attributes
                0x00000000000003ce       0x39 Drivers/STM32F4xx_HAL_Driver/Src/stm32f4xx_hal_gpio.o
 .ARM.attributes
                0x0000000000000407       0x39 Drivers/STM32F4xx_HAL_Driver/Src/stm32f4xx_hal_rcc.o
 .ARM.attributes
                0x0000000000000440       0x39 Drivers/STM32F4xx_HAL_Driver/Src/stm32f4xx_hal_rcc_ex.o
 .ARM.attributes
                0x0000000000000479       0x39 Drivers/STM32F4xx_HAL_Driver/Src/stm32f4xx_hal_tim.o
 .ARM.attributes
                0x00000000000004b2       0x39 Drivers/STM32F4xx_HAL_Driver/Src/stm32f4xx_hal_tim_ex.o
 .ARM.attributes
                0x00000000000004eb       0x39 Drivers/STM32F4xx_HAL_Driver/Src/stm32f4xx_hal_uart.o
 .ARM.attributes
                0x0000000000000524       0x39 lib/lib_can_bus_sniffer/src/lib_can_bus_sniffer.o
 .ARM.attributes
                0x000000000000055d       0x39 lib/lib_digital_dash/src/lib_digital_dash.o
 .ARM.attributes
                0x0000000000000596       0x39 lib/lib_ke_protocol/src/lib_ke_protocol.o
 .ARM.attributes
                0x00000000000005cf       0x39 lib/lib_obdii/src/lib_obdii.o
 .ARM.attributes
                0x0000000000000608       0x39 lib/lib_pid/src/lib_pid.o
 .ARM.attributes
                0x0000000000000641       0x39 lib/lib_unit_conversion/src/lib_unit_conversion.o
 .ARM.attributes
                0x000000000000067a       0x34 c:/st/stm32cubeide_1.4.0/stm32cubeide/plugins/com.st.stm32cube.ide.mcu.externaltools.gnu-tools-for-stm32.7-2018-q2-update.win32_1.4.0.202007081208/tools/bin/../lib/gcc/arm-none-eabi/7.3.1/../../../../arm-none-eabi/lib/thumb/v7e-m/fpv4-sp/hard\libc_nano.a(lib_a-errno.o)
 .ARM.attributes
                0x00000000000006ae       0x34 c:/st/stm32cubeide_1.4.0/stm32cubeide/plugins/com.st.stm32cube.ide.mcu.externaltools.gnu-tools-for-stm32.7-2018-q2-update.win32_1.4.0.202007081208/tools/bin/../lib/gcc/arm-none-eabi/7.3.1/../../../../arm-none-eabi/lib/thumb/v7e-m/fpv4-sp/hard\libc_nano.a(lib_a-impure.o)
 .ARM.attributes
                0x00000000000006e2       0x34 c:/st/stm32cubeide_1.4.0/stm32cubeide/plugins/com.st.stm32cube.ide.mcu.externaltools.gnu-tools-for-stm32.7-2018-q2-update.win32_1.4.0.202007081208/tools/bin/../lib/gcc/arm-none-eabi/7.3.1/../../../../arm-none-eabi/lib/thumb/v7e-m/fpv4-sp/hard\libc_nano.a(lib_a-init.o)
 .ARM.attributes
                0x0000000000000716       0x34 c:/st/stm32cubeide_1.4.0/stm32cubeide/plugins/com.st.stm32cube.ide.mcu.externaltools.gnu-tools-for-stm32.7-2018-q2-update.win32_1.4.0.202007081208/tools/bin/../lib/gcc/arm-none-eabi/7.3.1/../../../../arm-none-eabi/lib/thumb/v7e-m/fpv4-sp/hard\libc_nano.a(lib_a-memset.o)
 .ARM.attributes
                0x000000000000074a       0x34 c:/st/stm32cubeide_1.4.0/stm32cubeide/plugins/com.st.stm32cube.ide.mcu.externaltools.gnu-tools-for-stm32.7-2018-q2-update.win32_1.4.0.202007081208/tools/bin/../lib/gcc/arm-none-eabi/7.3.1/../../../../arm-none-eabi/lib/thumb/v7e-m/fpv4-sp/hard\libc_nano.a(lib_a-nano-vfprintf_float.o)
 .ARM.attributes