lib_digital_dash.c:116:17:map	24	static
lib_digital_dash.c:121:13:DigitalDash_Reset_PID	16	static
lib_digital_dash.c:130:13:DigitalDash_Reset_PID_Stream	16	static
lib_digital_dash.c:154:21:DigitalDash_Add_PID_To_Stream	32	static
lib_digital_dash.c:213:6:DigitalDash_Reset_App	8	static
lib_digital_dash.c:229:13:Update_LCD_Brightness	16	static
lib_digital_dash.c:250:13:Refresh_LCD	8	static
lib_digital_dash.c:261:13:update_app_flag	16	static
lib_digital_dash.c:271:6:dd_update_sd_card_state	16	static
lib_digital_dash.c:277:10:digitaldash_get_app_flags	4	static
lib_digital_dash.c:283:9:digitaldash_get_flag	16	static
lib_digital_dash.c:288:6:DigitalDash_Add_UART_byte	16	static
lib_digital_dash.c:307:6:DigitalDash_Add_CAN_Packet	16	static
lib_digital_dash.c:335:6:active_cooling	16	static
lib_digital_dash.c:337:25:DigitalDash_Config_Null_Check	8	static
lib_digital_dash.c:367:25:digitaldash_init	16	static
lib_digital_dash.c:463:13:host_power	16	static
lib_digital_dash.c:498:13:DigitalDash_PowerCylce	8	static
lib_digital_dash.c:507:20:digitaldash_service	24	static
lib_digital_dash.c:586:6:digitaldash_tick	24	static
